...FF.F.FFFFF.F...FFFFFFFFF..FFF..FFFF.....F.FF.....F.FFFFFF.FFFFF.....F [ 92%]
....F.                                                                   [100%]
=================================== FAILURES ===================================
________ test_definition_question_uses_document_lead_and_direct_answer _________

    @pytest.mark.asyncio
    async def test_definition_question_uses_document_lead_and_direct_answer() -> None:
        service = SearchService(Settings(rag_pipeline="existing", ), cast(Any, FakeDefinitionIndex()), generator=cast(Any, FakeFailingGenerator()))
        response = await service.ask(SearchRequest(question="示例是什么？", top_k=1))
>       assert response.answer == "示例是用于测试的条目。 [资料 1]"
E       AssertionError: assert '示例是用于测试的条目。 [资料 2]' == '示例是用于测试的条目。 [资料 1]'
E         
E         - 示例是用于测试的条目。 [资料 1]
E         ?                 ^
E         + 示例是用于测试的条目。 [资料 2]
E         ?                 ^

tests/test_service.py:561: AssertionError
____________ test_adaptive_evidence_top_k_uses_question_complexity _____________

    def test_adaptive_evidence_top_k_uses_question_complexity() -> None:
        service = SearchService(Settings(rag_pipeline="existing", max_top_k=20), cast(Any, None))
    
        cases = {
            "中国的首都是哪里？": (5, "simple_fact"),
            "秦始皇有哪些伟大成就？": (12, "complete_list"),
            "明朝为什么灭亡？": (10, "cause"),
            "尺八和长笛有什么区别？": (10, "comparison"),
            "深圳地铁1号线全部站点有哪些？": (12, "complete_list"),
        }
        for question, (expected_top_k, expected_reason) in cases.items():
            top_k, policy = service._adaptive_evidence_top_k(question, display_top_k=1)
>           assert top_k == expected_top_k
E           assert 5 == 12

tests/test_service.py:577: AssertionError
_______ test_comparison_question_decomposes_and_merges_subject_searches ________

    @pytest.mark.asyncio
    async def test_comparison_question_decomposes_and_merges_subject_searches() -> None:
        service = SearchService(Settings(rag_pipeline="existing", ), cast(Any, FakeComparisonIndex()))
        response = await service.search(SearchRequest(question="尺八和长笛有什么区别？", top_k=5))
    
>       assert [item.title for item in response.results] == ["尺八", "长笛"]
E       AssertionError: assert ['尺八和长笛有什么区别？'] == ['尺八', '长笛']
E         
E         At index 0 diff: '尺八和长笛有什么区别？' != '尺八'
E         Right contains one more item: '长笛'
E         Use -v to get more diff

tests/test_service.py:600: AssertionError
_________________ test_rank_fusion_prefers_an_exact_page_alias _________________

    def test_rank_fusion_prefers_an_exact_page_alias() -> None:
        plan = build_query_plan("罗宝线有哪些站点？")
        unrelated = LexicalResult(
            node_id="other-node",
            document_id="other",
            text="其他地铁线路也设有多个车站。",
            metadata={"title": "其他地铁线路"},
            score=1.0,
        )
        aliased = LexicalResult(
            node_id="line-1-node",
            document_id="line-1",
            text="深圳地铁1号线设有罗湖站等车站。",
            metadata={"title": "深圳地铁1号线", "aliases": ["罗宝线"]},
            score=0.8,
        )
    
        merged = SearchService._merge_rank_fusion(
            ([unrelated, aliased], [unrelated, aliased]),
            plan=plan,
        )
    
>       assert merged[0].document_id == "line-1"
E       AssertionError: assert 'other' == 'line-1'
E         
E         - line-1
E         + other

tests/test_service.py:723: AssertionError
_ test_rank_fusion_prefers_exact_page_and_relation_chunk_over_qualified_pages __

    def test_rank_fusion_prefers_exact_page_and_relation_chunk_over_qualified_pages() -> None:
        plan = build_query_plan("秦始皇有哪些伟大成就？")
        opera = LexicalResult(
            node_id="opera",
            document_id="opera",
            text="《秦始皇》是一部英语歌剧。",
            metadata={"title": "秦始皇 (歌剧)", "aliases": ["秦始皇"]},
            score=1.0,
        )
        family = LexicalResult(
            node_id="family",
            document_id="emperor",
            text="异母弟为长安君成蟜。",
            metadata={"title": "秦始皇", "section": "家庭成员"},
            score=1.0,
        )
        achievements = LexicalResult(
            node_id="achievements",
            document_id="emperor",
            text="统一天下后推行书同文，并统一度量衡。",
            metadata={"title": "秦始皇", "section": "政治成就"},
            score=0.7,
        )
    
        merged = SearchService._merge_rank_fusion(
            (
                [opera, family, achievements],
                [opera, family, achievements],
            ),
            plan=plan,
        )
    
>       assert [item.node_id for item in merged[:2]] == ["achievements", "family"]
E       AssertionError: assert ['opera', 'family'] == ['achievements', 'family']
E         
E         At index 0 diff: 'opera' != 'achievements'
E         Use -v to get more diff

tests/test_service.py:758: AssertionError
___ test_rank_fusion_prefers_direct_event_evidence_over_repeated_title_hits ____

    def test_rank_fusion_prefers_direct_event_evidence_over_repeated_title_hits() -> None:
        plan = build_query_plan("水浒传里赤手空拳打死老虎的是谁？")
        title_hit = LexicalResult(
            node_id="water-margin-overview",
            document_id="water-margin",
            text="《水浒传》讲述梁山好汉的故事，宋江代表的动物是老虎。",
            metadata={"title": "水浒传"},
            score=1.0,
        )
        direct_fact = LexicalResult(
            node_id="yanggu-wusong",
            document_id="yanggu",
            text="武松是《水浒传》人物，在景阳冈打死老虎，为民除害。",
            metadata={"title": "阳谷县"},
            score=0.8,
        )
    
        merged = SearchService._merge_rank_fusion(
            (
                [title_hit],
                [title_hit],
                [title_hit],
                [title_hit, direct_fact],
            ),
            plan=plan,
        )
    
>       assert merged[0].document_id == "yanggu"
E       AssertionError: assert 'water-margin' == 'yanggu'
E         
E         - yanggu
E         + water-margin

tests/test_service.py:788: AssertionError
_________ test_rank_fusion_prefers_list_subject_over_broad_scope_page __________

    def test_rank_fusion_prefers_list_subject_over_broad_scope_page() -> None:
        plan = build_query_plan("中国有哪些著名的长城关隘？")
        china = LexicalResult(
            node_id="china-overview",
            document_id="china",
            text="中国历史悠久，疆域辽阔。",
            metadata={"title": "中国"},
            score=1.0,
        )
        passes = LexicalResult(
            node_id="great-wall-passes",
            document_id="great-wall",
            text="长城著名关隘包括山海关、嘉峪关、居庸关。",
            metadata={"title": "长城", "section": "关隘 > 著名关城"},
            score=0.7,
        )
    
        merged = SearchService._merge_rank_fusion(
            ([china, passes], [china, passes], [china, passes]),
            plan=plan,
        )
    
>       assert merged[0].document_id == "great-wall"
E       AssertionError: assert 'china' == 'great-wall'
E         
E         - great-wall
E         + china

tests/test_service.py:813: AssertionError
___________ test_summary_evidence_fallback_prefers_terminal_outcome ____________

    def test_summary_evidence_fallback_prefers_terminal_outcome() -> None:
        plan = build_query_plan("三国演义最后的结局是什么？")
        middle = SourceItem(
            id="middle",
            document_id="romance",
            source="wiki",
            title="三国演义",
            score=1.0,
            snippet="最终，诸葛亮三气周瑜，周瑜呕血而死。",
            metadata={"chunk_order": 24},
        )
        ending = SourceItem(
            id="ending",
            document_id="romance",
            source="wiki",
            title="三国演义",
            score=0.9,
            snippet="经过近百年战乱，三国时代终结。司马氏三分归一，建立西晋统一天下。",
            metadata={"chunk_order": 32},
        )
        failed = EvidenceExtractionResult(
            (),
            attempted_sources=2,
            completed_sources=0,
            errors=("extractor response does not contain a JSON object",),
        )
    
        extracted = SearchService._deterministic_structured_evidence(
            failed,
            plan,
            [middle, ending],
        )
    
>       assert extracted.has_candidates is True
E       AssertionError: assert False is True
E        +  where False = EvidenceExtractionResult(candidates=(), attempted_sources=2, completed_sources=0, errors=('extractor response does not contain a JSON object',), source_signatures=(), strategy='model', trace_events=(), source_identities=()).has_candidates

tests/test_service.py:849: AssertionError
_________ test_rank_fusion_prefers_route_page_for_endpoint_description _________

    def test_rank_fusion_prefers_route_page_for_endpoint_description() -> None:
        plan = build_query_plan("连接罗湖和机场东的深圳地铁线路有哪些车站？")
        station = LexicalResult(
            node_id="station",
            document_id="station",
            text="罗湖站可以换乘多条线路，交通接驳包括机场站。",
            metadata={"title": "罗湖站 (深圳地铁)"},
            score=1.0,
        )
        route = LexicalResult(
            node_id="route",
            document_id="route",
            text="深圳地铁1号线由罗湖站至机场东站，全线共设30座车站。",
            metadata={"title": "深圳地铁1号线"},
            score=0.8,
        )
    
        merged = SearchService._merge_rank_fusion(
            ([station, route], [station, route]),
            plan=plan,
        )
    
>       assert merged[0].document_id == "route"
E       AssertionError: assert 'station' == 'route'
E         
E         - route
E         + station

tests/test_service.py:946: AssertionError
___________________ test_transit_line_numbers_are_normalized ___________________

    def test_transit_line_numbers_are_normalized() -> None:
>       assert lexical_tokens("深圳地铁一号线有哪些站点") == lexical_tokens(
            "深圳地铁1号线有哪些站点"
        )
E       AssertionError: assert ['深圳', '地铁', ...有', '哪些', ...] == ['1', '深圳', '...有', '哪些', ...]
E         
E         At index 0 diff: '深圳' != '1'
E         Use -v to get more diff

tests/test_service.py:989: AssertionError
____________ test_query_normalization_corrects_common_chinese_typos ____________

    def test_query_normalization_corrects_common_chinese_typos() -> None:
>       assert normalize_query_text("中国有多少个名族") == "中国有多少个民族"
E       AssertionError: assert '中国有多少个名族' == '中国有多少个民族'
E         
E         - 中国有多少个民族
E         ?       ^
E         + 中国有多少个名族
E         ?       ^

tests/test_service.py:999: AssertionError
________________ test_service_searches_with_normalized_question ________________

    @pytest.mark.asyncio
    async def test_service_searches_with_normalized_question() -> None:
        client = FakeOpenSearch()
        service = SearchService(Settings(rag_pipeline="existing", ), LexicalIndex(Settings(rag_pipeline="existing", ), client=cast(Any, client)))
    
        response = await service.search(SearchRequest(question="中国有多少个名族", top_k=1))
    
        query = client.search_bodies[0]["query"]["bool"]["must"][0]["bool"]["should"][0]["multi_match"]["query"]
>       assert "民族" in query
E       AssertionError: assert '民族' in '中国 有 多少 个 名族'

tests/test_service.py:1017: AssertionError
___________________ test_ask_reports_subject_anchor_mismatch ___________________

    @pytest.mark.asyncio
    async def test_ask_reports_subject_anchor_mismatch() -> None:
        service = SearchService(
            Settings(rag_pipeline="existing", ),
            cast(Any, FakeMismatchIndex()),
            generator=cast(Any, FakeInsufficientGenerator()),
        )
    
        response = await service.ask(SearchRequest(question="秦始皇有哪些丰功伟绩？", top_k=1))
    
        assert response.answer == "根据检索到的资料，无法确定。"
        assert response.generation["evidence_grounded"] is False
        assert response.generation["blocked_reason"] == "insufficient_evidence"
>       assert "秦始皇" in response.generation["evidence_anchors"]
E       AssertionError: assert '秦始皇' in []

tests/test_service.py:1036: AssertionError
_________ test_cause_question_expands_sibling_chunks_from_same_section _________

    @pytest.mark.asyncio
    async def test_cause_question_expands_sibling_chunks_from_same_section() -> None:
        index = FakeCauseIndex()
        service = SearchService(
            Settings(rag_pipeline="existing", max_chunks_per_document=1),
            cast(Any, index),
            generator=cast(Any, FakeCauseGenerator()),
        )
    
>       response = await service.ask(
            SearchRequest(question="明朝是因为什么原因走上了灭亡", top_k=1)
        )

tests/test_service.py:1049: 
_ _ _ _ _ _ _ _ _ _ _ _ _ _ _ _ _ _ _ _ _ _ _ _ _ _ _ _ _ _ _ _ _ _ _ _ _ _ _ _ 
src/llamaindex_retrieval/service.py:1434: in ask
    answer = await self._generate_answer(
src/llamaindex_retrieval/service.py:2711: in _generate_answer
    return await asyncio.wait_for(generate(), timeout=timeout)
           ^^^^^^^^^^^^^^^^^^^^^^^^^^^^^^^^^^^^^^^^^^^^^^^^^^^
../../../.local/share/uv/python/cpython-3.13.11-linux-x86_64-gnu/lib/python3.13/asyncio/tasks.py:507: in wait_for
    return await fut
           ^^^^^^^^^
src/llamaindex_retrieval/service.py:2706: in generate
    return await self.generator.generate(question, sources)
           ^^^^^^^^^^^^^^^^^^^^^^^^^^^^^^^^^^^^^^^^^^^^^^^^
_ _ _ _ _ _ _ _ _ _ _ _ _ _ _ _ _ _ _ _ _ _ _ _ _ _ _ _ _ _ _ _ _ _ _ _ _ _ _ _ 

self = <test_service.FakeCauseGenerator object at 0x76346e05ae40>
question = '明朝是因为什么原因走上了灭亡'
sources = [SourceItem(id='ming-fall-2', document_id='ming', source='finewiki-zh', title='明朝', uri=None, score=1.0, snippet='李自成攻...a={'document_id': 'ming', 'section': '明朝 > 历史 > 灭亡', 'parent_id': 'ming-fall', 'structure_size': 3, 'chunk_order': 2})]

    async def generate(self, question: str, sources: Any) -> str:
>       assert len(sources) == 3
E       AssertionError: assert 1 == 3
E        +  where 1 = len([SourceItem(id='ming-fall-2', document_id='ming', source='finewiki-zh', title='明朝', uri=None, score=1.0, snippet='李自成攻...a={'document_id': 'ming', 'section': '明朝 > 历史 > 灭亡', 'parent_id': 'ming-fall', 'structure_size': 3, 'chunk_order': 2})])

tests/test_service.py:272: AssertionError
____________ test_non_cause_question_does_not_expand_cause_context _____________

    @pytest.mark.asyncio
    async def test_non_cause_question_does_not_expand_cause_context() -> None:
        index = FakeCauseIndex()
        service = SearchService(Settings(rag_pipeline="existing", ), cast(Any, index))
    
        response = await service.search(SearchRequest(question="明朝灭亡于哪一年", top_k=5))
    
        assert index.structure_calls == 0
>       assert response.retrieval["intent"] == "time"
E       AssertionError: assert 'fact' == 'time'
E         
E         - time
E         + fact

tests/test_service.py:1071: AssertionError
____ test_cause_question_falls_back_to_grounded_excerpts_when_model_refuses ____

    @pytest.mark.asyncio
    async def test_cause_question_falls_back_to_grounded_excerpts_when_model_refuses() -> None:
        service = SearchService(
            Settings(rag_pipeline="existing", max_chunks_per_document=1),
            cast(Any, FakeCauseIndex()),
            generator=cast(Any, FakeRefusingCauseGenerator()),
        )
    
        response = await service.ask(
            SearchRequest(question="明朝究竟为何一步步走向覆亡了?", top_k=1)
        )
    
>       assert "党争" in response.answer
E       AssertionError: assert '党争' in '根据检索到的资料，无法确定。'
E        +  where '根据检索到的资料，无法确定。' = AskResponse(answer='根据检索到的资料，无法确定。', sources=[SourceItem(id='ming-fall-2', document_id='ming', source='finewiki-zh', t...']}], 'failure_category': 'generation_failed', 'failure_reason': 'answer_not_grounded', 'failure_stage': 'generation'}).answer

tests/test_service.py:1087: AssertionError
________ test_cause_question_repairs_empty_model_answer_before_caching _________

    @pytest.mark.asyncio
    async def test_cause_question_repairs_empty_model_answer_before_caching() -> None:
        service = SearchService(
            Settings(rag_pipeline="existing", max_chunks_per_document=1),
            cast(Any, FakeCauseIndex()),
            generator=cast(Any, FakeEmptyCauseGenerator()),
        )
    
        first = await service.ask(SearchRequest(question="明朝灭亡的原因有哪些？", top_k=1))
        second = await service.ask(SearchRequest(question="明朝灭亡的原因有哪些？", top_k=1))
    
>       assert "党争" in first.answer
E       AssertionError: assert '党争' in '根据检索到的资料，无法确定。'
E        +  where '根据检索到的资料，无法确定。' = AskResponse(answer='根据检索到的资料，无法确定。', sources=[SourceItem(id='ming-fall-2', document_id='ming', source='finewiki-zh', t...}], 'failure_category': 'generation_failed', 'failure_reason': 'answer_support_failed', 'failure_stage': 'generation'}).answer

tests/test_service.py:1103: AssertionError
____________ test_cause_question_repairs_legacy_empty_cached_answer ____________

    @pytest.mark.asyncio
    async def test_cause_question_repairs_legacy_empty_cached_answer() -> None:
        service = SearchService(
            Settings(rag_pipeline="existing", max_chunks_per_document=1),
            cast(Any, FakeCauseIndex()),
            generator=cast(Any, FakeFailingGenerator()),
        )
        request = SearchRequest(question="明朝灭亡的原因有哪些？", top_k=1)
        evidence = await service.search(request.model_copy(update={"top_k": 5}))
        question = str(evidence.retrieval.get("normalized_question") or request.question)
        plan = service._answer_plan(question, evidence.retrieval)
        key = service._answer_cache_key(question, evidence, plan)
        service._store_cached_answer(key, "根据资料，导致明朝灭亡的原因有：[资料 1]")
    
        response = await service.ask(request)
    
>       assert "党争" in response.answer
E       AssertionError: assert '党争' in '根据检索到的资料，无法确定。'
E        +  where '根据检索到的资料，无法确定。' = AskResponse(answer='根据检索到的资料，无法确定。', sources=[SourceItem(id='ming-fall-2', document_id='ming', source='finewiki-zh', t...}], 'failure_category': 'generation_failed', 'failure_reason': 'answer_support_failed', 'failure_stage': 'generation'}).answer

tests/test_service.py:1125: AssertionError
____ test_deterministic_evidence_uses_relation_synonyms_and_section_context ____

    def test_deterministic_evidence_uses_relation_synonyms_and_section_context() -> None:
        plan = build_query_plan("秦始皇有哪些丰功伟绩")
        original = EvidenceExtractionResult((), 1, 0, ("invalid JSON",))
        sources = [SourceItem(
            id="qin-achievements",
            document_id="qin",
            source="wiki",
            title="秦始皇",
            score=1.0,
            snippet=(
                "评价\n秦始皇一生并天下、称皇帝、废分封、置郡县、征百越、"
                "逐匈奴、修长城、书同文、统一度量衡。"
            ),
            metadata={"section": "秦始皇 > 评价", "content_type": "prose"},
        )]
    
        result = SearchService._deterministic_structured_evidence(
            original,
            plan,
            sources,
        )
    
>       assert result.has_candidates is True
E       AssertionError: assert False is True
E        +  where False = EvidenceExtractionResult(candidates=(), attempted_sources=1, completed_sources=0, errors=('invalid JSON',), source_signatures=(), strategy='model', trace_events=(), source_identities=()).has_candidates

tests/test_service.py:1199: AssertionError
________ test_relation_question_searches_inside_exact_subject_document _________

    @pytest.mark.asyncio
    async def test_relation_question_searches_inside_exact_subject_document() -> None:
        index = FakeDocumentRelationIndex()
        service = SearchService(
            Settings(rag_pipeline="existing", ),
            cast(Any, index),
            generator=cast(Any, FakeFailingGenerator()),
        )
    
        response = await service.ask(
            SearchRequest(question="中国历史上开启丝绸之路的是谁？", top_k=2)
        )
    
>       assert "张骞" in response.answer
E       AssertionError: assert '张骞' in '班超后来再次打通了荒废已久的丝绸之路。 [资料 1]'
E        +  where '班超后来再次打通了荒废已久的丝绸之路。 [资料 1]' = AskResponse(answer='班超后来再次打通了荒废已久的丝绸之路。 [资料 1]', sources=[SourceItem(id='silk-lead', document_id='silk-road', source='...ge': 'writer', 'source_ids': ['silk-lead']}], 'failure_category': None, 'failure_reason': None, 'failure_stage': None}).answer

tests/test_service.py:1217: AssertionError
_______ test_ordinal_question_searches_equivalent_first_relation_phrases _______

    @pytest.mark.asyncio
    async def test_ordinal_question_searches_equivalent_first_relation_phrases() -> None:
        index = FakeOrdinalIndex()
        service = SearchService(
            Settings(rag_pipeline="existing", ),
            cast(Any, index),
            generator=cast(Any, FakeOrdinalGenerator()),
        )
    
        response = await service.ask(
            SearchRequest(question="中国历史上第一个皇帝是谁？", top_k=1)
        )
    
        assert response.answer == (
            "在中国历史中，嬴政创建皇帝制度，成为中原第一个皇帝，称始皇帝。 [资料 1]"
        )
        assert response.generation["answer_strategy"] == "direct_extract"
>       assert response.retrieval["intent"] == "ordinal"
E       AssertionError: assert 'fact' == 'ordinal'
E         
E         - ordinal
E         + fact

tests/test_service.py:1241: AssertionError
_______________ test_search_merges_page_and_selects_best_passage _______________

    def test_search_merges_page_and_selects_best_passage() -> None:
        index = LexicalIndex(Settings(rag_pipeline="existing", ), client=cast(Any, FakeOpenSearchWithPassages()))
    
        results = index.search("深圳地铁一号线有哪些站点", candidate_k=2)
    
>       assert [item.document_id for item in results] == ["metro-line-1", "metro-line-2"]
E       AssertionError: assert ['metro-line-...metro-line-1'] == ['metro-line-...metro-line-2']
E         
E         At index 0 diff: 'metro-line-2' != 'metro-line-1'
E         Use -v to get more diff

tests/test_service.py:1280: AssertionError
__________________ test_search_strongly_boosts_title_entities __________________

    def test_search_strongly_boosts_title_entities() -> None:
        client = FakeOpenSearch()
        index = LexicalIndex(Settings(rag_pipeline="existing", ), client=cast(Any, client))
        index.search("深圳地铁一号线有哪些站点", candidate_k=5)
    
        title_boosts = [
            item["match"]["title_tokens"]
            for item in client.search_body["query"]["bool"]["should"]
            if "match" in item
        ]
>       assert {item["query"] for item in title_boosts} == {
            "1 深圳 地铁 号线",
            "深圳 地铁 一号 一号线",
        }
E       AssertionError: assert {'深圳 地铁 一号 一号线 有 哪些 站点'} == {'1 深圳 地铁 号线', '深圳 地铁 一号 一号线'}
E         
E         Extra items in the left set:
E         '深圳 地铁 一号 一号线 有 哪些 站点'
E         Extra items in the right set:
E         '1 深圳 地铁 号线'
E         '深圳 地铁 一号 一号线'
E         Use -v to get more diff

tests/test_service.py:1295: AssertionError
_________ test_title_entity_extraction_stops_before_question_predicate _________

    def test_title_entity_extraction_stops_before_question_predicate() -> None:
        client = FakeOpenSearch()
        index = LexicalIndex(Settings(rag_pipeline="existing", ), client=cast(Any, client))
        index.search("秦始皇有哪些丰功伟绩", candidate_k=5)
    
        title_boosts = [
            item["match"]["title_tokens"]
            for item in client.search_body["query"]["bool"]["should"]
            if "match" in item
        ]
>       assert [item["query"] for item in title_boosts] == ["始皇 秦始皇"]
E       AssertionError: assert ['始皇 秦始皇 有 哪些 丰功 伟绩 丰功伟绩'] == ['始皇 秦始皇']
E         
E         At index 0 diff: '始皇 秦始皇 有 哪些 丰功 伟绩 丰功伟绩' != '始皇 秦始皇'
E         Use -v to get more diff

tests/test_service.py:1313: AssertionError
__________ test_list_queries_allow_multiple_chunks_from_one_document ___________

    def test_list_queries_allow_multiple_chunks_from_one_document() -> None:
        service = SearchService(
            Settings(rag_pipeline="existing", max_chunks_per_document=1, list_query_max_chunks_per_document=3),
            cast(Any, None),
        )
        document_limit = service._max_chunks_per_document("深圳地铁一号线有哪些站点")
        requested_limit = service._max_chunks_per_document(
            "中国从古至今总共经历了哪些朝代？", top_k=10
        )
>       assert requested_limit == 10
E       assert 1 == 10

tests/test_service.py:1325: AssertionError
___________ test_ask_extracts_station_rows_for_short_station_wording ___________

    @pytest.mark.asyncio
    async def test_ask_extracts_station_rows_for_short_station_wording() -> None:
        service = SearchService(
            Settings(rag_pipeline="existing", ),
            cast(Any, FakeStructuredRowsIndex()),
            generator=cast(Any, FakeFailingGenerator()),
        )
    
>       response = await service.ask(SearchRequest(question="深圳地铁1号线有哪些站？", top_k=2))
                   ^^^^^^^^^^^^^^^^^^^^^^^^^^^^^^^^^^^^^^^^^^^^^^^^^^^^^^^^^^^^^^^^^^

tests/test_service.py:1445: 
_ _ _ _ _ _ _ _ _ _ _ _ _ _ _ _ _ _ _ _ _ _ _ _ _ _ _ _ _ _ _ _ _ _ _ _ _ _ _ _ 
src/llamaindex_retrieval/service.py:1434: in ask
    answer = await self._generate_answer(
src/llamaindex_retrieval/service.py:2711: in _generate_answer
    return await asyncio.wait_for(generate(), timeout=timeout)
           ^^^^^^^^^^^^^^^^^^^^^^^^^^^^^^^^^^^^^^^^^^^^^^^^^^^
../../../.local/share/uv/python/cpython-3.13.11-linux-x86_64-gnu/lib/python3.13/asyncio/tasks.py:507: in wait_for
    return await fut
           ^^^^^^^^^
src/llamaindex_retrieval/service.py:2706: in generate
    return await self.generator.generate(question, sources)
           ^^^^^^^^^^^^^^^^^^^^^^^^^^^^^^^^^^^^^^^^^^^^^^^^
_ _ _ _ _ _ _ _ _ _ _ _ _ _ _ _ _ _ _ _ _ _ _ _ _ _ _ _ _ _ _ _ _ _ _ _ _ _ _ _ 

self = <test_service.FakeFailingGenerator object at 0x76346e089ba0>
question = '深圳地铁1号线有哪些站？'
sources = [SourceItem(id='metro-transfer', document_id='metro', source='finewiki-zh', title='深圳地铁1号线', uri=None, score=1.0, snippet='- 机场东站：轉乘20号线。\n- 老街站：轉乘17号线。', metadata={'document_id': 'metro', 'content_type': 'list'})]

    async def generate(self, question: str, sources: Any) -> str:
>       raise AssertionError("structured list answers should not call the model")
E       AssertionError: structured list answers should not call the model

tests/test_service.py:262: AssertionError
_____________ test_semantic_list_render_does_not_reuse_model_cache _____________

    @pytest.mark.asyncio
    async def test_semantic_list_render_does_not_reuse_model_cache() -> None:
        service = SearchService(
            Settings(rag_pipeline="existing",
                semantic_pipeline_enabled=True,
                active_retrieval_enabled=False,
            ),
            cast(Any, FakeGreatWallPassIndex()),
            generator=cast(Any, FakeFailingGenerator()),
        )
        request = SearchRequest(question="中国有哪些著名的长城关隘？", top_k=1)
        evidence = await service.search(request.model_copy(update={"top_k": 8}))
        question = str(evidence.retrieval.get("normalized_question") or request.question)
        plan = service._answer_plan(question, evidence.retrieval)
        key = service._answer_cache_key(question, evidence, plan)
        service._store_cached_answer(key, "长城的相关条目包括：山海关。[资料 1]")
    
        response = await service.ask(request)
    
>       assert response.answer == (
            "长城的著名关城包括：虎山长城、山海关、嘉峪关、玉门关、萧关、阳关。[资料 1]"
        )
E       AssertionError: assert '长城的相关条目包括：山海关。[资料 1]' == '长城的著名关城包括：虎山...、萧关、阳关。[资料 1]'
E         
E         - 长城的著名关城包括：虎山长城、山海关、嘉峪关、玉门关、萧关、阳关。[资料 1]
E         + 长城的相关条目包括：山海关。[资料 1]

tests/test_service.py:1484: AssertionError
_______ test_ask_uses_active_bm25_search_when_initial_evidence_is_wrong ________

    @pytest.mark.asyncio
    async def test_ask_uses_active_bm25_search_when_initial_evidence_is_wrong() -> None:
        class FakeRecoveryIndex:
            def search(self, question: str, **kwargs: Any) -> list[LexicalResult]:
                if "中华人民共和国 首都" in question:
                    return [
                        LexicalResult(
                            node_id="capital-node",
                            document_id="capital",
                            text="中华人民共和国的首都是北京。",
                            metadata={
                                "document_id": "capital",
                                "title": "首都",
                                "source": "finewiki-zh",
                            },
                            score=1.0,
                        )
                    ]
                return [
                    LexicalResult(
                        node_id="henan-node",
                        document_id="henan",
                        text="河南省位于中国中部。",
                        metadata={
                            "document_id": "henan",
                            "title": "河南省",
                            "source": "finewiki-zh",
                        },
                        score=1.0,
                    )
                ]
    
        class FakeActiveAgent:
            calls = 0
    
            async def decide(
                self,
                question: str,
                sources: Any,
                **kwargs: Any,
            ) -> ActiveRetrievalResult:
                self.calls += 1
                assert sources == []
                return ActiveRetrievalResult(
                    ActiveRetrievalDecision(
                        "bm25_search",
                        ("中华人民共和国 首都 城市",),
                        "当前证据对象错误",
                    )
                )
    
        agent = FakeActiveAgent()
        service = SearchService(
            Settings(rag_pipeline="existing", ),
            cast(Any, FakeRecoveryIndex()),
            generator=cast(Any, FakeFailingGenerator()),
            retrieval_agent=cast(Any, agent),
        )
    
>       response = await service.ask(SearchRequest(question="中国的首都是哪个城市？", top_k=1))
                   ^^^^^^^^^^^^^^^^^^^^^^^^^^^^^^^^^^^^^^^^^^^^^^^^^^^^^^^^^^^^^^^^^

tests/test_service.py:1550: 
_ _ _ _ _ _ _ _ _ _ _ _ _ _ _ _ _ _ _ _ _ _ _ _ _ _ _ _ _ _ _ _ _ _ _ _ _ _ _ _ 
src/llamaindex_retrieval/service.py:1434: in ask
    answer = await self._generate_answer(
src/llamaindex_retrieval/service.py:2711: in _generate_answer
    return await asyncio.wait_for(generate(), timeout=timeout)
           ^^^^^^^^^^^^^^^^^^^^^^^^^^^^^^^^^^^^^^^^^^^^^^^^^^^
../../../.local/share/uv/python/cpython-3.13.11-linux-x86_64-gnu/lib/python3.13/asyncio/tasks.py:507: in wait_for
    return await fut
           ^^^^^^^^^
src/llamaindex_retrieval/service.py:2706: in generate
    return await self.generator.generate(question, sources)
           ^^^^^^^^^^^^^^^^^^^^^^^^^^^^^^^^^^^^^^^^^^^^^^^^
_ _ _ _ _ _ _ _ _ _ _ _ _ _ _ _ _ _ _ _ _ _ _ _ _ _ _ _ _ _ _ _ _ _ _ _ _ _ _ _ 

self = <test_service.FakeFailingGenerator object at 0x76346a164e20>
question = '中国的首都是哪个城市？'
sources = [SourceItem(id='henan-node', document_id='henan', source='finewiki-zh', title='河南省', uri=None, score=1.0, snippet='河南省位于中国中部。', metadata={'document_id': 'henan'})]

    async def generate(self, question: str, sources: Any) -> str:
>       raise AssertionError("structured list answers should not call the model")
E       AssertionError: structured list answers should not call the model

tests/test_service.py:262: AssertionError
_____________ test_ask_extracts_bullet_list_with_specific_context ______________

    @pytest.mark.asyncio
    async def test_ask_extracts_bullet_list_with_specific_context() -> None:
        service = SearchService(
            Settings(rag_pipeline="existing", ),
            cast(Any, FakeGreatWallPassIndex()),
            generator=cast(Any, FakeFailingGenerator()),
        )
    
        response = await service.ask(SearchRequest(question="中国有哪些著名的长城关隘?", top_k=2))
    
>       assert response.answer == "长城的著名关城包括：虎山长城、山海关、嘉峪关、玉门关、萧关、阳关。[资料 1]"
E       AssertionError: assert '长城的著名关城包括：虎山...、萧关、阳关。[资料 2]' == '长城的著名关城包括：虎山...、萧关、阳关。[资料 1]'
E         
E         - 长城的著名关城包括：虎山长城、山海关、嘉峪关、玉门关、萧关、阳关。[资料 1]
E         ?                                      ^
E         + 长城的著名关城包括：虎山长城、山海关、嘉峪关、玉门关、萧关、阳关。[资料 2]
E         ?                                      ^

tests/test_service.py:1659: AssertionError
________ test_list_query_expands_all_chunks_from_the_matching_structure ________

    @pytest.mark.asyncio
    async def test_list_query_expands_all_chunks_from_the_matching_structure() -> None:
        anchor = LexicalResult(
            node_id="table-2",
            document_id="metro",
            text="部分车站",
            metadata={
                "document_id": "metro",
                "title": "测试线路",
                "section": "测试线路 > 车站",
                "parent_id": "station-table",
                "content_type": "table",
                "chunk_order": 2,
            },
            score=0.9,
        )
        misleading = LexicalResult(
            node_id="transfer-list",
            document_id="metro",
            text="换乘车站",
            metadata={
                "document_id": "metro",
                "title": "测试线路",
                "section": "测试线路 > 车站 > 换乘说明",
                "parent_id": "transfer-list",
                "content_type": "list",
                "chunk_order": 0,
            },
            score=0.95,
        )
        siblings = [
            LexicalResult(
                node_id=f"table-{index}",
                document_id="metro",
                text=f"表格片段{index}",
                metadata={
                    "document_id": "metro",
                    "parent_id": "station-table",
                    "content_type": "table_summary" if index == 0 else "table",
                    "chunk_order": index,
                },
                score=0.9,
            )
            for index in range(4)
        ]
    
        class FakeStructureIndex:
            def structure_chunks(self, parent_id: str, **kwargs: Any) -> list[LexicalResult]:
                assert parent_id == "station-table"
                return siblings
    
        service = SearchService(Settings(rag_pipeline="existing", ), cast(Any, FakeStructureIndex()))
        expanded, did_expand = await service._expand_structured_results(
            "测试线路有哪些车站",
            [result("metro", 1.0), misleading, anchor, result("other", 0.5)],
            knowledge_base_id=None,
            top_k=5,
        )
    
>       assert did_expand is True
E       assert False is True

tests/test_service.py:1736: AssertionError
______ test_search_uses_normalized_question_for_structured_list_expansion ______

    @pytest.mark.asyncio
    async def test_search_uses_normalized_question_for_structured_list_expansion() -> None:
        list_chunk = LexicalResult(
            node_id="dialog-list",
            document_id="flight",
            text="事故 > 与空管的对话\n- 飞行员：失去所有引擎。\n- 空管：请重复。",
            metadata={
                "document_id": "flight",
                "title": "测试班机事故",
                "section": "测试班机事故 > 与空管的对话",
                "parent_id": "dialog-parent",
                "content_type": "list",
                "chunk_order": 0,
            },
            score=1.0,
        )
    
        class FakeNormalizedListIndex:
            def search(self, question: str, **kwargs: Any) -> list[LexicalResult]:
                return [list_chunk]
    
            def structure_chunks(self, parent_id: str, **kwargs: Any) -> list[LexicalResult]:
                assert parent_id == "dialog-parent"
                return [list_chunk]
    
        service = SearchService(Settings(rag_pipeline="existing", ), cast(Any, FakeNormalizedListIndex()))
        response = await service.search(
            SearchRequest(question="测试班机事故在与空管的对话方面都包括什么？", top_k=5)
        )
    
>       assert response.retrieval["normalized_question"] == "测试班机事故有哪些与空管的对话？"
E       AssertionError: assert '测试班机事故在与空管的对话方面都包括什么？' == '测试班机事故有哪些与空管的对话？'
E         
E         - 测试班机事故有哪些与空管的对话？
E         + 测试班机事故在与空管的对话方面都包括什么？

tests/test_service.py:1775: AssertionError
________ test_model_list_relations_do_not_override_structured_evidence _________

    @pytest.mark.asyncio
    async def test_model_list_relations_do_not_override_structured_evidence() -> None:
        prose = LexicalResult(
            node_id="line-prose",
            document_id="line",
            text="线路建设期间曾调整部分车站名称。",
            metadata={
                "document_id": "line",
                "title": "某线路",
                "content_type": "prose",
            },
            score=1.0,
        )
        structure_anchor = LexicalResult(
            node_id="station-summary",
            document_id="line",
            text="车站列表：甲站、乙站、丙站。",
            metadata={
                "document_id": "line",
                "title": "某线路",
                "section": "某线路 > 车站列表",
                "parent_id": "station-table",
                "content_type": "table_summary",
                "chunk_order": 0,
            },
            score=0.9,
        )
    
        class FakeListIndex:
            relation_calls = 0
    
            def search(self, question: str, **kwargs: Any) -> list[LexicalResult]:
                return [prose]
    
            def document_relation_candidates(self, *args: Any, **kwargs: Any) -> list[LexicalResult]:
                self.relation_calls += 1
                return [prose]
    
            def document_structure_candidates(self, *args: Any, **kwargs: Any) -> list[LexicalResult]:
                return [structure_anchor]
    
            def structure_chunks(self, parent_id: str, **kwargs: Any) -> list[LexicalResult]:
                assert parent_id == "station-table"
                return [structure_anchor]
    
            def document_lead_chunk(self, *args: Any, **kwargs: Any) -> None:
                return None
    
        class FakeModelPlanner:
            async def plan(self, question: str, fallback: Any) -> QueryPlanningResult:
                return QueryPlanningResult(
                    replace(
                        fallback,
                        queries=("某线路全部车站", "某线路站点列表", question),
                        subject="某线路",
                        relations=("所有站点",),
                    ),
                    "model",
                    model_queries=("某线路全部车站", "某线路站点列表"),
                )
    
        index = FakeListIndex()
        service = SearchService(
            Settings(rag_pipeline="existing", ),
            cast(Any, index),
            query_planner=cast(Any, FakeModelPlanner()),
        )
    
        response = await service.search(SearchRequest(question="某线路所有站点", top_k=1))
    
>       assert response.results[0].id == "station-summary"
E       AssertionError: assert 'line-prose' == 'station-summary'
E         
E         - station-summary
E         + line-prose

tests/test_service.py:1850: AssertionError
_________ test_list_query_prefers_station_list_over_station_name_issue _________

    @pytest.mark.asyncio
    async def test_list_query_prefers_station_list_over_station_name_issue() -> None:
        station_issue = LexicalResult(
            node_id="station-name-issue",
            document_id="metro",
            text="站名問題：續建工程機場段其中兩個車站曾同時出現兩個站名。",
            metadata={
                "document_id": "metro",
                "title": "深圳地铁1号线",
                "section": "深圳地铁1号线 > 历史 > 續建工程",
                "parent_id": "station-name-issue",
                "content_type": "list",
                "chunk_order": 0,
            },
            score=0.98,
        )
        station_list = LexicalResult(
            node_id="station-list-summary",
            document_id="metro",
            text="车站列表：罗湖、国贸、老街、大剧院、科学馆、华强路。",
            metadata={
                "document_id": "metro",
                "title": "深圳地铁1号线",
                "section": "深圳地铁1号线 > 车站列表",
                "parent_id": "station-list",
                "content_type": "table_summary",
                "chunk_order": 0,
                "keywords": ["表格", "列表", "全部"],
            },
            score=0.82,
        )
        station_siblings = [
            LexicalResult(
                node_id="station-list-expanded",
                document_id="metro",
                text="车站列表：罗湖、国贸、老街、大剧院、科学馆、华强路。",
                metadata={
                    "document_id": "metro",
                    "parent_id": "station-list",
                    "content_type": "table_summary",
                    "chunk_order": 0,
                },
                score=0.82,
            )
        ]
    
        class FakeStructureIndex:
            def document_structure_candidates(
                self,
                question: str,
                *,
                document_id: str,
                content_types: Any,
                knowledge_base_id: str | None,
                limit: int,
            ) -> list[LexicalResult]:
                assert document_id == "metro"
                return [station_list]
    
            def structure_chunks(self, parent_id: str, **kwargs: Any) -> list[LexicalResult]:
                assert parent_id == "station-list"
                return station_siblings
    
        service = SearchService(Settings(rag_pipeline="existing", ), cast(Any, FakeStructureIndex()))
        expanded, did_expand = await service._expand_structured_results(
            "深圳地铁1号线有哪些站点",
            [result("metro", 1.0), station_issue],
            knowledge_base_id=None,
            top_k=3,
        )
    
>       assert did_expand is True
E       assert False is True

tests/test_service.py:1927: AssertionError
_________ test_station_wording_with_count_expands_companion_list_page __________

    @pytest.mark.asyncio
    async def test_station_wording_with_count_expands_companion_list_page() -> None:
        route = LexicalResult(
            node_id="route",
            document_id="route",
            text="深圳地铁1号线由罗湖站至机场东站。",
            metadata={"title": "深圳地铁1号线"},
            score=1.0,
        )
        companion = LexicalResult(
            node_id="companion",
            document_id="station-list",
            text="深圳地铁车站列表",
            metadata={"title": "深圳地铁车站列表"},
            score=0.6,
        )
        chunks = [
            LexicalResult(
                node_id=f"line-{index}",
                document_id="station-list",
                text=text,
                metadata={"title": "深圳地铁车站列表", "chunk_order": index},
                score=1.0,
            )
            for index, text in enumerate((
                "1号线沿途共设30个车站：罗湖站、国贸站、老街站。",
                "大剧院站、科学馆站、机场东站。",
            ), start=1)
        ]
    
        class FakeCompanionIndex:
            def document_line_section_chunks(self, line: str, **kwargs: Any) -> list[LexicalResult]:
                assert line == "1号线"
                assert kwargs["document_id"] == "station-list"
                return chunks
    
        service = SearchService(Settings(rag_pipeline="existing", ), cast(Any, FakeCompanionIndex()))
        expanded, did_expand = await service._expand_structured_results(
            "深圳地铁1号线有哪几个站",
            [route, companion],
            knowledge_base_id=None,
            top_k=5,
        )
    
>       assert did_expand is True
E       assert False is True

tests/test_service.py:1975: AssertionError
___________ test_station_summary_without_parent_adds_repair_context ____________

    @pytest.mark.asyncio
    async def test_station_summary_without_parent_adds_repair_context() -> None:
        summary = LexicalResult(
            node_id="station-summary",
            document_id="metro",
            text="站名/1号线列表：罗湖、固戍、瑞、机场东。",
            metadata={
                "document_id": "metro",
                "title": "深圳地铁1号线",
                "content_type": "table_summary",
            },
            score=1.0,
        )
        context = LexicalResult(
            node_id="station-context",
            document_id="metro",
            text="机场东站和后瑞站为高架车站。",
            metadata={"document_id": "metro", "title": "深圳地铁1号线"},
            score=1.0,
        )
    
        class FakeStationRepairIndex:
            def document_term_candidates(self, term: str, **kwargs: Any) -> list[LexicalResult]:
                assert term == "瑞"
                return [summary, context]
    
        service = SearchService(Settings(rag_pipeline="existing", ), cast(Any, FakeStationRepairIndex()))
        expanded, did_expand = await service._expand_structured_results(
            "深圳地铁1号线有哪些站点",
            [summary],
            knowledge_base_id=None,
            top_k=5,
        )
    
>       assert did_expand is True
E       assert False is True

tests/test_service.py:2013: AssertionError
_____________ test_focus_sources_keeps_only_exact_subject_document _____________

    def test_focus_sources_keeps_only_exact_subject_document() -> None:
        plan = build_query_plan("2030年世界杯由哪些国家主办？")
        sources = [
            SourceItem(
                id="football",
                document_id="football",
                source="wiki",
                title="2030年国际足协世界杯",
                score=1.0,
                snippet="赛事由多个国家共同主办。",
            ),
            SourceItem(
                id="cricket",
                document_id="cricket",
                source="wiki",
                title="男子T20世界杯",
                score=0.9,
                snippet="2030年赛事由多个国家共同主办。",
            ),
        ]
    
        focused = SearchService._focus_sources_on_subject(plan, sources)
    
>       assert [source.document_id for source in focused] == ["football"]
E       AssertionError: assert ['football', 'cricket'] == ['football']
E         
E         Left contains one more item: 'cricket'
E         Use -v to get more diff

tests/test_service.py:2061: AssertionError
_______ test_focus_sources_prefers_compound_topic_page_over_suffix_page ________

    def test_focus_sources_prefers_compound_topic_page_over_suffix_page() -> None:
        plan = build_query_plan("中国有哪些著名的长城关隘？")
        sources = [
            SourceItem(
                id="broad",
                document_id="broad",
                source="wiki",
                title="关隘",
                score=1.0,
                snippet="历史上著名关卡包括函谷关、潼关、嘉峪关。",
            ),
            SourceItem(
                id="wall",
                document_id="wall",
                source="wiki",
                title="长城",
                score=0.9,
                snippet="著名长城关隘包括山海关、嘉峪关、居庸关。",
            ),
        ]
    
        focused = SearchService._focus_sources_on_subject(plan, sources)
    
>       assert {source.document_id for source in focused} == {"wall"}
E       AssertionError: assert {'broad', 'wall'} == {'wall'}
E         
E         Extra items in the left set:
E         'broad'
E         Use -v to get more diff

tests/test_service.py:2087: AssertionError
____________ test_focus_sources_keeps_only_agent_relation_document _____________

    def test_focus_sources_keeps_only_agent_relation_document() -> None:
        plan = build_query_plan("安全电梯由谁发明？")
        sources = [
            SourceItem(
                id="elevator",
                document_id="elevator",
                source="wiki",
                title="电梯",
                score=1.0,
                snippet="安全电梯使用的安全钳由奥的斯发明。",
            ),
            SourceItem(
                id="invention",
                document_id="invention",
                source="wiki",
                title="发明",
                score=0.8,
                snippet="发明是创造新事物的过程。",
            ),
        ]
    
        focused = SearchService._focus_sources_on_subject(plan, sources)
    
>       assert [source.document_id for source in focused] == ["elevator"]
E       AssertionError: assert ['elevator', 'invention'] == ['elevator']
E         
E         Left contains one more item: 'invention'
E         Use -v to get more diff

tests/test_service.py:2113: AssertionError
________ test_focus_sources_keeps_alias_route_and_matching_list_chunks _________

    def test_focus_sources_keeps_alias_route_and_matching_list_chunks() -> None:
        plan = build_query_plan("罗宝线沿途停靠哪些站？")
        sources = [
            SourceItem(
                id="line-1",
                document_id="line-1",
                source="wiki",
                title="深圳地铁1号线",
                score=1.0,
                snippet="深圳地铁1号线曾称罗宝线，由罗湖站至机场东站。",
                metadata={"aliases": ["罗宝线"], "chunk_order": 0},
            ),
            SourceItem(
                id="stations-1",
                document_id="station-list",
                source="wiki",
                title="深圳地铁车站列表",
                score=0.9,
                snippet="1号线前称罗宝线，沿途共设30个车站。罗湖站、国贸站。",
                metadata={"chunk_order": 1},
            ),
            SourceItem(
                id="stations-2",
                document_id="station-list",
                source="wiki",
                title="深圳地铁车站列表",
                score=0.9,
                snippet="香蜜湖站、车公庙站、机场东站。",
                metadata={"chunk_order": 2},
            ),
            SourceItem(
                id="line-2-stations",
                document_id="station-list",
                source="wiki",
                title="深圳地铁车站列表",
                score=0.8,
                snippet="2号线前称蛇口线，沿途共设32个车站。",
                metadata={"chunk_order": 3},
            ),
        ]
    
        focused = SearchService._focus_sources_on_subject(plan, sources)
    
>       assert [source.id for source in focused] == ["line-1", "stations-1", "stations-2"]
E       AssertionError: assert ['line-1', 's...e-2-stations'] == ['line-1', 's... 'stations-2']
E         
E         Left contains one more item: 'line-2-stations'
E         Use -v to get more diff

tests/test_service.py:2159: AssertionError
_______ test_focus_sources_uses_route_endpoints_instead_of_first_station _______

    def test_focus_sources_uses_route_endpoints_instead_of_first_station() -> None:
        plan = build_query_plan("连接罗湖和机场东的深圳地铁线路有哪些车站？")
        sources = [
            SourceItem(
                id="route",
                document_id="line-1",
                source="wiki",
                title="深圳地铁1号线",
                score=1.0,
                snippet="深圳地铁1号线由罗湖站至机场东站，全线共设30座车站。",
                metadata={"aliases": ["罗宝线"], "chunk_order": 0},
            ),
            SourceItem(
                id="station",
                document_id="luohu",
                source="wiki",
                title="罗湖站 (深圳地铁)",
                score=0.9,
                snippet="罗湖站位于罗湖口岸附近。",
            ),
        ]
    
        focused = SearchService._focus_sources_on_subject(plan, sources)
    
>       assert [source.id for source in focused] == ["route"]
E       AssertionError: assert ['route', 'station'] == ['route']
E         
E         Left contains one more item: 'station'
E         Use -v to get more diff

tests/test_service.py:2186: AssertionError
_______ test_semantic_pipeline_reranks_then_extracts_immutable_evidence ________

    @pytest.mark.asyncio
    async def test_semantic_pipeline_reranks_then_extracts_immutable_evidence() -> None:
        question = "中国的首都是哪个城市？"
        evidence_span = "中华人民共和国的首都是北京。"
    
        class SemanticIndex:
            def search(self, query: str, **kwargs: Any) -> list[LexicalResult]:
                return [
                    LexicalResult(
                        node_id="henan-node",
                        document_id="henan",
                        text="河南省位于中国中部。",
                        metadata={
                            "document_id": "henan",
                            "title": "河南省",
                            "source": "finewiki-zh",
                        },
                        score=1.0,
                    ),
                    LexicalResult(
                        node_id="capital-node",
                        document_id="capital",
                        text=evidence_span,
                        metadata={
                            "document_id": "capital",
                            "title": "首都",
                            "source": "finewiki-zh",
                        },
                        score=0.8,
                    ),
                ]
    
        class ModelPlanner:
            async def plan(self, value: str, fallback: Any) -> QueryPlanningResult:
                assert value == question
                plan = replace(
                    fallback,
                    queries=("中华人民共和国 首都 城市",),
                    subject="中国",
                    relations=("首都", "国都"),
                    fields=(replace(fallback.fields[0], relations=("首都", "国都")),),
                )
                return QueryPlanningResult(
                    plan,
                    "model",
                    model_queries=plan.queries,
                )
    
        class ModelReranker:
            async def rerank(
                self,
                value: str,
                plan: Any,
                sources: list[SourceItem],
            ) -> DocumentRerankResult:
                assert value == question
                assert [source.document_id for source in sources] == ["capital", "henan"]
                relevant = next(
                    source for source in sources if source.document_id == "capital"
                )
                return DocumentRerankResult(
                    (relevant,),
                    (
                        DocumentDecision("henan", False, 0, "对象不匹配"),
                        DocumentDecision("capital", True, 3, "直接回答首都"),
                    ),
                )
    
        class ModelExtractor:
            calls = 0
    
            async def extract(
                self,
                value: str,
                plan: Any,
                sources: list[SourceItem],
            ) -> EvidenceExtractionResult:
                self.calls += 1
                assert value == question
                assert [source.document_id for source in sources] == ["capital"]
                source = sources[0]
                return EvidenceExtractionResult(
                    candidates=(
                        EvidenceSpan(
                            field_id="f1",
                            source_index=0,
                            span=evidence_span,
                            content_hash=sha256(evidence_span.encode("utf-8")).hexdigest(),
                        ),
                    ),
                    attempted_sources=1,
                    completed_sources=1,
                    source_signatures=((
                        source.id,
                        sha256(source.snippet.encode("utf-8")).hexdigest(),
                    ),),
                )
    
        class ModelGenerator:
            calls = 0
            source_batches: list[list[str]] = []
    
            async def generate(self, value: str, sources: list[SourceItem]) -> str:
                self.calls += 1
                self.source_batches.append([source.document_id for source in sources])
                assert value == question
                return "中华人民共和国的首都是北京。[资料 1]"
    
            async def current_model(self) -> str:
                return "test-model"
    
        extractor = ModelExtractor()
        generator = ModelGenerator()
        service = SearchService(
            Settings(rag_pipeline="existing",
                semantic_pipeline_enabled=True,
                document_reranking_enabled=True,
            ),
            cast(Any, SemanticIndex()),
            generator=cast(Any, generator),
            query_planner=cast(Any, ModelPlanner()),
            evidence_extractor=cast(Any, extractor),
            document_reranker=cast(Any, ModelReranker()),
        )
    
        response = await service.ask(SearchRequest(question=question, top_k=1))
    
>       assert response.answer == "中华人民共和国的首都是北京。[资料 1]"
E       AssertionError: assert '根据检索到的资料，无法确定。' == '中华人民共和国的首都是北京。[资料 1]'
E         
E         - 中华人民共和国的首都是北京。[资料 1]
E         + 根据检索到的资料，无法确定。

tests/test_service.py:2457: AssertionError
_________ test_immutable_pipeline_blocks_writer_for_mismatched_subject _________

    @pytest.mark.asyncio
    async def test_immutable_pipeline_blocks_writer_for_mismatched_subject() -> None:
        class Resolver:
            async def extract(
                self,
                value: str,
                plan: Any,
                sources: list[SourceItem],
            ) -> EvidenceExtractionResult:
                span = sources[0].snippet
                return EvidenceExtractionResult(
                    candidates=(EvidenceSpan(
                        field_id="f1",
                        source_index=0,
                        span=span,
                        content_hash=sha256(span.encode("utf-8")).hexdigest(),
                    ),),
                    attempted_sources=1,
                    completed_sources=1,
                    source_signatures=((
                        sources[0].id,
                        sha256(sources[0].snippet.encode("utf-8")).hexdigest(),
                    ),),
                )
    
        class Writer:
            async def generate(self, value: str, sources: list[SourceItem]) -> str:
                raise AssertionError("writer must not run without subject evidence")
    
        service = SearchService(
            Settings(rag_pipeline="existing",
                generation_output_mode="immutable",
                model_query_planning_enabled=False,
            ),
            cast(Any, FakeMismatchIndex()),
            generator=cast(Any, Writer()),
            evidence_extractor=cast(Any, Resolver()),
        )
    
        response = await service.ask(
            SearchRequest(question="武汉有哪些有名的小吃？", top_k=1)
        )
    
        assert response.answer == "根据检索到的资料，无法确定。"
>       assert response.generation["answer_strategy"] == "evidence_blocked"
E       AssertionError: assert 'generation_failed' == 'evidence_blocked'
E         
E         - evidence_blocked
E         + generation_failed

tests/test_service.py:2728: AssertionError
=========================== short test summary info ============================
FAILED tests/test_service.py::test_definition_question_uses_document_lead_and_direct_answer
FAILED tests/test_service.py::test_adaptive_evidence_top_k_uses_question_complexity
FAILED tests/test_service.py::test_comparison_question_decomposes_and_merges_subject_searches
FAILED tests/test_service.py::test_rank_fusion_prefers_an_exact_page_alias - ...
FAILED tests/test_service.py::test_rank_fusion_prefers_exact_page_and_relation_chunk_over_qualified_pages
FAILED tests/test_service.py::test_rank_fusion_prefers_direct_event_evidence_over_repeated_title_hits
FAILED tests/test_service.py::test_rank_fusion_prefers_list_subject_over_broad_scope_page
FAILED tests/test_service.py::test_summary_evidence_fallback_prefers_terminal_outcome
FAILED tests/test_service.py::test_rank_fusion_prefers_route_page_for_endpoint_description
FAILED tests/test_service.py::test_transit_line_numbers_are_normalized - Asse...
FAILED tests/test_service.py::test_query_normalization_corrects_common_chinese_typos
FAILED tests/test_service.py::test_service_searches_with_normalized_question
FAILED tests/test_service.py::test_ask_reports_subject_anchor_mismatch - Asse...
FAILED tests/test_service.py::test_cause_question_expands_sibling_chunks_from_same_section
FAILED tests/test_service.py::test_non_cause_question_does_not_expand_cause_context
FAILED tests/test_service.py::test_cause_question_falls_back_to_grounded_excerpts_when_model_refuses
FAILED tests/test_service.py::test_cause_question_repairs_empty_model_answer_before_caching
FAILED tests/test_service.py::test_cause_question_repairs_legacy_empty_cached_answer
FAILED tests/test_service.py::test_deterministic_evidence_uses_relation_synonyms_and_section_context
FAILED tests/test_service.py::test_relation_question_searches_inside_exact_subject_document
FAILED tests/test_service.py::test_ordinal_question_searches_equivalent_first_relation_phrases
FAILED tests/test_service.py::test_search_merges_page_and_selects_best_passage
FAILED tests/test_service.py::test_search_strongly_boosts_title_entities - As...
FAILED tests/test_service.py::test_title_entity_extraction_stops_before_question_predicate
FAILED tests/test_service.py::test_list_queries_allow_multiple_chunks_from_one_document
FAILED tests/test_service.py::test_ask_extracts_station_rows_for_short_station_wording
FAILED tests/test_service.py::test_semantic_list_render_does_not_reuse_model_cache
FAILED tests/test_service.py::test_ask_uses_active_bm25_search_when_initial_evidence_is_wrong
FAILED tests/test_service.py::test_ask_extracts_bullet_list_with_specific_context
FAILED tests/test_service.py::test_list_query_expands_all_chunks_from_the_matching_structure
FAILED tests/test_service.py::test_search_uses_normalized_question_for_structured_list_expansion
FAILED tests/test_service.py::test_model_list_relations_do_not_override_structured_evidence
FAILED tests/test_service.py::test_list_query_prefers_station_list_over_station_name_issue
FAILED tests/test_service.py::test_station_wording_with_count_expands_companion_list_page
FAILED tests/test_service.py::test_station_summary_without_parent_adds_repair_context
FAILED tests/test_service.py::test_focus_sources_keeps_only_exact_subject_document
FAILED tests/test_service.py::test_focus_sources_prefers_compound_topic_page_over_suffix_page
FAILED tests/test_service.py::test_focus_sources_keeps_only_agent_relation_document
FAILED tests/test_service.py::test_focus_sources_keeps_alias_route_and_matching_list_chunks
FAILED tests/test_service.py::test_focus_sources_uses_route_endpoints_instead_of_first_station
FAILED tests/test_service.py::test_semantic_pipeline_reranks_then_extracts_immutable_evidence
FAILED tests/test_service.py::test_immutable_pipeline_blocks_writer_for_mismatched_subject
42 failed, 36 passed in 1.91s
