
#######################################################################################################################

This tokenizer is not used in any RWKV models yet. I plan to use it for the future multilang RWKV models.

Benefits:

* Good support of most languages, from European to CJK to Arabic and Hindi and more.

* Clean vocab. Good for code too. Vocab size = 65525 (use 0 for <|endoftext|>).

* Good at numbers: the numerical tokens are '0'~'9', '10'~'99', ' 0'~' 9', ' 10'~' 99'.

* Very easy tokenization:

** The input text must be in UTF-8.

** Greedy encoding: always pick the longest (in bytes) token (with the highest id) that matches your UTF-8 bytes.

* The tokenization result is surprisingly good, because the vocab respects word boundaries and UTF-8 boundaries.

For 10x faster speed:
mypyc rwkv_tokenizer.py
python3 -c "import rwkv_tokenizer"

#######################################################################################################################

{"baseline_validation": {"correct": 99, "total": 104, "format_errors": 0, "mean_nll": 0.25478045809387156}}
{"epoch": 1, "step": 1, "loss": 0.00037663733019144274, "grad_norm": 0.025311745703220367, "seconds": 20.58}
{"epoch": 1, "step": 2, "loss": 0.00029266874480526894, "grad_norm": 0.025867832824587822, "seconds": 1.15}
{"epoch": 1, "step": 3, "loss": 0.001035923139170336, "grad_norm": 0.10447940975427628, "seconds": 1.12}
{"epoch": 1, "step": 4, "loss": 3.93375185012701e-05, "grad_norm": 0.001007837476208806, "seconds": 1.12}
{"epoch": 1, "step": 5, "loss": 0.00026596611587592633, "grad_norm": 0.02283269353210926, "seconds": 1.64}
{"epoch": 1, "step": 6, "loss": 4.6251111598394345e-05, "grad_norm": 0.0010532602900639176, "seconds": 1.08}
{"epoch": 1, "step": 7, "loss": 4.967632457919535e-05, "grad_norm": 0.002617906779050827, "seconds": 1.08}
{"epoch": 1, "step": 8, "loss": 0.014002404304619631, "grad_norm": 3.0486249923706055, "seconds": 1.08}
{"epoch": 1, "step": 9, "loss": 3.561238600013894e-05, "grad_norm": 0.0010691533097997308, "seconds": 1.08}
{"epoch": 1, "step": 10, "loss": 8.455496299575316e-05, "grad_norm": 0.006304779089987278, "seconds": 1.09}
{"epoch": 1, "step": 11, "loss": 0.3233732942762799, "grad_norm": 23.44940757751465, "seconds": 1.14}
{"epoch": 1, "step": 12, "loss": 8.704085666977335e-05, "grad_norm": 0.007800908759236336, "seconds": 1.14}
{"epoch": 1, "step": 13, "loss": 0.0245961257169256, "grad_norm": 3.5655617713928223, "seconds": 1.15}
{"epoch": 1, "step": 14, "loss": 0.0006188762108649826, "grad_norm": 0.1612030267715454, "seconds": 1.15}
{"epoch": 1, "step": 15, "loss": 0.007340667764083264, "grad_norm": 1.8702375888824463, "seconds": 1.13}
{"epoch": 1, "step": 16, "loss": 0.0010414476505502535, "grad_norm": 0.17290425300598145, "seconds": 1.14}
{"epoch": 1, "step": 17, "loss": 0.00012661632763411035, "grad_norm": 0.00500139594078064, "seconds": 1.66}
{"epoch": 1, "step": 18, "loss": 0.0010423275425637257, "grad_norm": 0.27128395438194275, "seconds": 1.13}
{"epoch": 1, "step": 19, "loss": 2.5495224235783098e-05, "grad_norm": 0.0006411863723769784, "seconds": 1.12}
{"epoch": 1, "step": 20, "loss": 0.00018925413587567164, "grad_norm": 0.008260650560259819, "seconds": 1.12}
{"epoch": 1, "step": 21, "loss": 3.355605622346047e-05, "grad_norm": 0.0016624897252768278, "seconds": 1.12}
{"epoch": 1, "step": 22, "loss": 0.4023627021442735, "grad_norm": 30.578323364257812, "seconds": 1.1}
{"epoch": 1, "step": 23, "loss": 0.1056621067582455, "grad_norm": 22.978090286254883, "seconds": 1.08}
{"epoch": 1, "step": 24, "loss": 1.181826891295259, "grad_norm": 15.757399559020996, "seconds": 1.09}
{"epoch": 1, "step": 25, "loss": 0.0048386528051196365, "grad_norm": 1.2569977045059204, "seconds": 1.08}
{"epoch": 1, "step": 26, "loss": 0.0012243400915394886, "grad_norm": 0.1474040150642395, "seconds": 1.09}
{"epoch": 1, "step": 27, "loss": 0.0004569701904983958, "grad_norm": 0.027216598391532898, "seconds": 1.09}
{"epoch": 1, "step": 28, "loss": 0.8478877994693903, "grad_norm": 35.2442741394043, "seconds": 1.09}
{"epoch": 1, "step": 29, "loss": 0.0009135149257417652, "grad_norm": 0.1691695600748062, "seconds": 1.1}
{"epoch": 1, "step": 30, "loss": 0.36353624826188025, "grad_norm": 33.18160629272461, "seconds": 1.46}
{"epoch": 1, "step": 31, "loss": 0.0004308340826355561, "grad_norm": 0.08876749128103256, "seconds": 1.09}
{"epoch": 1, "step": 32, "loss": 0.005806979096632858, "grad_norm": 2.5478928089141846, "seconds": 1.1}
{"epoch": 1, "step": 33, "loss": 6.916504935361445e-05, "grad_norm": 0.004706881009042263, "seconds": 1.08}
{"epoch": 1, "step": 34, "loss": 0.09033130070247353, "grad_norm": 19.747703552246094, "seconds": 1.1}
{"epoch": 1, "step": 35, "loss": 0.0042871411092164635, "grad_norm": 0.9272583723068237, "seconds": 1.08}
{"epoch": 1, "step": 36, "loss": 0.0012784040254700813, "grad_norm": 0.22365331649780273, "seconds": 1.11}
{"epoch": 1, "step": 37, "loss": 9.578553817846114e-05, "grad_norm": 0.0034868232905864716, "seconds": 1.07}
{"epoch": 1, "step": 38, "loss": 0.0006531487476877373, "grad_norm": 0.06905057281255722, "seconds": 1.08}
{"epoch": 1, "step": 39, "loss": 0.0002801163795993489, "grad_norm": 0.041750822216272354, "seconds": 1.13}
{"epoch": 1, "step": 40, "loss": 0.0017094967679440742, "grad_norm": 0.19510279595851898, "seconds": 1.26}
{"epoch": 1, "step": 41, "loss": 7.533201733167516e-05, "grad_norm": 0.0034909772220999002, "seconds": 1.25}
{"epoch": 1, "step": 42, "loss": 0.0002775110961010796, "grad_norm": 0.01524977944791317, "seconds": 1.63}
{"epoch": 1, "step": 43, "loss": 0.007602756280903122, "grad_norm": 3.6469640731811523, "seconds": 1.25}
{"epoch": 1, "step": 44, "loss": 0.26330770668846526, "grad_norm": 55.80008316040039, "seconds": 1.26}
{"epoch": 1, "step": 45, "loss": 0.0001725942511257017, "grad_norm": 0.013228079304099083, "seconds": 1.24}
{"epoch": 1, "step": 46, "loss": 0.0012512281264207559, "grad_norm": 0.16780218482017517, "seconds": 1.24}
{"epoch": 1, "step": 47, "loss": 0.5987182406020111, "grad_norm": 41.05860137939453, "seconds": 1.25}
{"epoch": 1, "step": 48, "loss": 0.0004925770845147781, "grad_norm": 0.09829273074865341, "seconds": 1.36}
{"epoch": 1, "step": 49, "loss": 0.0006652456056599476, "grad_norm": 0.2020798772573471, "seconds": 1.42}
{"epoch": 1, "step": 50, "loss": 0.0007014641605564975, "grad_norm": 0.11439882218837738, "seconds": 1.43}
{"epoch": 1, "step": 51, "loss": 0.00014172249439070583, "grad_norm": 0.009786728769540787, "seconds": 1.42}
{"epoch": 1, "step": 52, "loss": 0.00020289745680202032, "grad_norm": 0.023510245606303215, "seconds": 1.42}
{"epoch": 1, "step": 53, "loss": 0.0014760576914341073, "grad_norm": 0.20765385031700134, "seconds": 1.43}
{"epoch": 1, "step": 54, "loss": 0.00034392803763694246, "grad_norm": 0.0424802340567112, "seconds": 1.43}
{"epoch": 1, "step": 55, "loss": 0.8988083011063281, "grad_norm": 12.836235046386719, "seconds": 1.97}
{"epoch": 1, "step": 56, "loss": 0.0003056416726394673, "grad_norm": 0.08364139497280121, "seconds": 1.43}
{"epoch": 1, "step": 57, "loss": 6.393242188096337e-05, "grad_norm": 0.0035710795782506466, "seconds": 1.43}
{"epoch": 1, "step": 58, "loss": 2.9935371458122972e-05, "grad_norm": 0.0007355244597420096, "seconds": 1.44}
{"epoch": 1, "step": 59, "loss": 0.0020282805858187203, "grad_norm": 0.18663904070854187, "seconds": 1.43}
{"epoch": 1, "step": 60, "loss": 0.0003271069344918942, "grad_norm": 0.031557902693748474, "seconds": 1.43}
{"epoch": 1, "step": 61, "loss": 0.0013951931646261073, "grad_norm": 0.23699288070201874, "seconds": 1.42}
{"epoch": 1, "step": 62, "loss": 0.0003965216665164917, "grad_norm": 0.03292600065469742, "seconds": 1.44}
{"epoch": 1, "step": 63, "loss": 0.000768920780501503, "grad_norm": 0.05735938623547554, "seconds": 1.43}
{"epoch": 1, "step": 64, "loss": 0.0036160412901153904, "grad_norm": 0.836340606212616, "seconds": 1.43}
{"epoch": 1, "step": 65, "loss": 0.00035628378645924386, "grad_norm": 0.050922222435474396, "seconds": 1.45}
{"epoch": 1, "step": 66, "loss": 0.0012109786712244386, "grad_norm": 0.08630581945180893, "seconds": 1.44}
{"epoch": 1, "step": 67, "loss": 9.793379194888985e-05, "grad_norm": 0.004933824297040701, "seconds": 1.97}
{"epoch": 1, "step": 68, "loss": 0.0020719827484754205, "grad_norm": 0.4580056965351105, "seconds": 1.44}
{"epoch": 1, "step": 69, "loss": 5.885385598958237e-05, "grad_norm": 0.002917861333116889, "seconds": 1.44}
{"epoch": 1, "step": 70, "loss": 0.00011782566434703767, "grad_norm": 0.009646052494645119, "seconds": 1.49}
{"epoch": 1, "step": 71, "loss": 0.00019200550195819233, "grad_norm": 0.019439827650785446, "seconds": 1.48}
{"epoch": 1, "step": 72, "loss": 0.0003640895738499239, "grad_norm": 0.03915860876441002, "seconds": 1.48}
{"epoch": 1, "step": 73, "loss": 0.00029263647047628183, "grad_norm": 0.030344661325216293, "seconds": 1.48}
{"epoch": 1, "step": 74, "loss": 0.0008208153367377236, "grad_norm": 0.13861797749996185, "seconds": 1.47}
{"epoch": 1, "step": 75, "loss": 6.894177568028681e-05, "grad_norm": 0.0026963301934301853, "seconds": 1.48}
{"epoch": 1, "step": 76, "loss": 0.0008613821746621397, "grad_norm": 0.08054369688034058, "seconds": 1.48}
{"epoch": 1, "step": 77, "loss": 0.0012084087088624074, "grad_norm": 0.22773629426956177, "seconds": 1.47}
{"epoch": 1, "step": 78, "loss": 0.03603066381492681, "grad_norm": 8.752761840820312, "seconds": 1.48}
{"epoch": 1, "step": 79, "loss": 0.25585833002605796, "grad_norm": 24.607437133789062, "seconds": 1.48}
{"epoch": 1, "step": 80, "loss": 0.18665057102839455, "grad_norm": 23.737560272216797, "seconds": 2.02}
{"epoch": 1, "step": 81, "loss": 0.7464650558576977, "grad_norm": 29.922880172729492, "seconds": 1.48}
{"epoch": 1, "step": 82, "loss": 0.00015589553186146077, "grad_norm": 0.014408252201974392, "seconds": 1.48}
{"epoch": 1, "step": 83, "loss": 2.5048248971870635e-05, "grad_norm": 0.001011278829537332, "seconds": 1.48}
{"epoch": 1, "step": 84, "loss": 0.0070842863060534, "grad_norm": 0.5775864720344543, "seconds": 1.48}
{"epoch": 1, "step": 85, "loss": 8.856137765178573e-05, "grad_norm": 0.005715514998883009, "seconds": 1.49}
{"epoch": 1, "step": 86, "loss": 7.641716911166441e-05, "grad_norm": 0.008375476114451885, "seconds": 1.49}
{"epoch": 1, "step": 87, "loss": 6.643706410613959e-05, "grad_norm": 0.003181860549375415, "seconds": 1.48}
{"epoch": 1, "step": 88, "loss": 0.0001338409488198522, "grad_norm": 0.006582978647202253, "seconds": 1.47}
{"epoch": 1, "step": 89, "loss": 0.09093430076609366, "grad_norm": 22.778474807739258, "seconds": 1.47}
{"epoch": 1, "step": 90, "loss": 0.019767880366998725, "grad_norm": 2.7909929752349854, "seconds": 1.48}
{"epoch": 1, "step": 91, "loss": 6.87759238644503e-05, "grad_norm": 0.004368310794234276, "seconds": 1.48}
{"epoch": 1, "step": 92, "loss": 0.2647647310359389, "grad_norm": 37.04568099975586, "seconds": 2.02}
{"epoch": 1, "step": 93, "loss": 3.917366211680928e-05, "grad_norm": 0.0009281528182327747, "seconds": 1.48}
{"epoch": 1, "step": 94, "loss": 0.00023116456122806994, "grad_norm": 0.018712449818849564, "seconds": 1.47}
{"epoch": 1, "step": 95, "loss": 4.397134944156278e-05, "grad_norm": 0.0015374749200418591, "seconds": 1.48}
{"epoch": 1, "step": 96, "loss": 0.000363212549018499, "grad_norm": 0.09444204717874527, "seconds": 1.48}
{"epoch": 1, "step": 97, "loss": 0.23083495744049287, "grad_norm": 34.866764068603516, "seconds": 1.47}
{"epoch": 1, "step": 98, "loss": 0.00017523210044601, "grad_norm": 0.022698862478137016, "seconds": 1.48}
{"epoch": 1, "step": 99, "loss": 3.962056825912441e-05, "grad_norm": 0.0020817932672798634, "seconds": 1.48}
{"epoch": 1, "step": 100, "loss": 4.385177771837334e-05, "grad_norm": 0.0012065850896760821, "seconds": 1.48}
{"epoch": 1, "step": 101, "loss": 0.000694442484928004, "grad_norm": 0.18538394570350647, "seconds": 1.47}
{"epoch": 1, "step": 102, "loss": 0.41012219676122186, "grad_norm": 18.163116455078125, "seconds": 1.48}
{"epoch": 1, "step": 103, "loss": 0.12155932320911234, "grad_norm": 24.849952697753906, "seconds": 1.48}
{"epoch": 1, "step": 104, "loss": 6.488779195024108e-05, "grad_norm": 0.0021220475900918245, "seconds": 1.48}
{"epoch": 1, "step": 105, "loss": 0.00010354351252317429, "grad_norm": 0.005196071695536375, "seconds": 2.02}
{"epoch": 1, "step": 106, "loss": 0.0015307470475818263, "grad_norm": 0.36528804898262024, "seconds": 1.48}
{"epoch": 1, "step": 107, "loss": 4.476045569390408e-05, "grad_norm": 0.0019512373255565763, "seconds": 1.48}
{"epoch": 1, "step": 108, "loss": 0.10638298011917868, "grad_norm": 26.91362190246582, "seconds": 1.48}
{"epoch": 1, "step": 109, "loss": 3.991849780504708e-05, "grad_norm": 0.0012993462150916457, "seconds": 1.48}
{"epoch": 1, "step": 110, "loss": 0.0031592474506396684, "grad_norm": 0.4788132607936859, "seconds": 1.47}
{"epoch": 1, "step": 111, "loss": 3.771348565351218e-05, "grad_norm": 0.0008534875814802945, "seconds": 1.48}
{"epoch": 1, "step": 112, "loss": 7.636096006535809e-05, "grad_norm": 0.0035905970726162195, "seconds": 1.48}
{"epoch": 1, "step": 113, "loss": 0.056994763990132924, "grad_norm": 13.72188663482666, "seconds": 1.48}
{"epoch": 1, "step": 114, "loss": 0.00015621199258930574, "grad_norm": 0.013796806335449219, "seconds": 1.48}
{"epoch": 1, "step": 115, "loss": 0.05157099863208714, "grad_norm": 16.020021438598633, "seconds": 1.48}
{"epoch": 1, "step": 116, "loss": 0.3364112566987387, "grad_norm": 19.680212020874023, "seconds": 1.47}
{"epoch": 1, "step": 117, "loss": 0.003739714758012269, "grad_norm": 0.7355576753616333, "seconds": 2.02}
{"epoch": 1, "step": 118, "loss": 4.684620216721669e-05, "grad_norm": 0.002627562964335084, "seconds": 1.48}
{"epoch": 1, "step": 119, "loss": 3.1976879199646646e-05, "grad_norm": 0.0007502425578422844, "seconds": 1.48}
{"epoch": 1, "step": 120, "loss": 6.131211011961568e-05, "grad_norm": 0.002720023738220334, "seconds": 1.48}
{"epoch": 1, "step": 121, "loss": 0.0002090344783027831, "grad_norm": 0.018133170902729034, "seconds": 1.48}
{"epoch": 1, "step": 122, "loss": 3.403263917789445e-05, "grad_norm": 0.0012792323250323534, "seconds": 1.48}
{"epoch": 1, "step": 123, "loss": 0.0003091065282205818, "grad_norm": 0.05373910814523697, "seconds": 1.48}
{"epoch": 1, "step": 124, "loss": 0.0002178595768782543, "grad_norm": 0.03381906822323799, "seconds": 1.47}
{"epoch": 1, "step": 125, "loss": 0.0029610143737954786, "grad_norm": 0.510628879070282, "seconds": 1.48}
{"epoch": 1, "step": 126, "loss": 5.609881191048771e-05, "grad_norm": 0.002521074377000332, "seconds": 1.44}
{"epoch": 1, "step": 127, "loss": 0.0032423220623059024, "grad_norm": 0.960772693157196, "seconds": 1.26}
{"epoch": 1, "step": 128, "loss": 9.959083763533272e-05, "grad_norm": 0.011484894901514053, "seconds": 1.26}
{"epoch": 1, "step": 129, "loss": 0.0007148056845380779, "grad_norm": 0.07376015186309814, "seconds": 1.26}
{"epoch": 1, "step": 130, "loss": 0.00039166014266811544, "grad_norm": 0.04900761693716049, "seconds": 1.67}
{"epoch": 1, "step": 131, "loss": 3.981401687269681e-05, "grad_norm": 0.0015101517783477902, "seconds": 1.47}
{"epoch": 1, "step": 132, "loss": 6.149112095954479e-05, "grad_norm": 0.003130514407530427, "seconds": 1.48}
{"epoch": 1, "step": 133, "loss": 0.0038420862852035498, "grad_norm": 2.0955581665039062, "seconds": 1.47}
{"epoch": 1, "step": 134, "loss": 1.3321672022775601, "grad_norm": 10.721062660217285, "seconds": 1.46}
{"epoch": 1, "step": 135, "loss": 4.884113013758906e-05, "grad_norm": 0.0036282811779528856, "seconds": 1.47}
{"epoch": 1, "step": 136, "loss": 1.922205319715431e-05, "grad_norm": 0.0004968801513314247, "seconds": 1.48}
{"epoch": 1, "step": 137, "loss": 4.0483332213625545e-05, "grad_norm": 0.003829783760011196, "seconds": 1.49}
{"epoch": 1, "step": 138, "loss": 0.00011860324048029725, "grad_norm": 0.007342588156461716, "seconds": 1.31}
{"epoch": 1, "step": 139, "loss": 9.27105502341874e-05, "grad_norm": 0.016255395486950874, "seconds": 1.26}
{"epoch": 1, "step": 140, "loss": 0.00033941430569939257, "grad_norm": 0.024190019816160202, "seconds": 1.26}
{"epoch": 1, "step": 141, "loss": 0.00010996744867952657, "grad_norm": 0.013114574365317822, "seconds": 1.28}
{"epoch": 1, "step": 142, "loss": 4.40309427176544e-05, "grad_norm": 0.001217142678797245, "seconds": 1.63}
{"epoch": 1, "step": 143, "loss": 0.00011055251002289879, "grad_norm": 0.006781126372516155, "seconds": 1.26}
{"epoch": 1, "step": 144, "loss": 0.12495381718053977, "grad_norm": 18.772220611572266, "seconds": 1.25}
{"epoch": 1, "validation": {"correct": 96, "total": 104, "format_errors": 0, "mean_nll": 0.42213711782794516}}
{"epoch": 2, "step": 145, "loss": 5.091352068120614e-05, "grad_norm": 0.004972517490386963, "seconds": 1.35}
{"epoch": 2, "step": 146, "loss": 0.0004484399873945222, "grad_norm": 0.05035804212093353, "seconds": 1.38}
{"epoch": 2, "step": 147, "loss": 0.00017149666473414982, "grad_norm": 0.013523783534765244, "seconds": 1.38}
{"epoch": 2, "step": 148, "loss": 4.1557323129381984e-05, "grad_norm": 0.0013451293343678117, "seconds": 1.38}
{"epoch": 2, "step": 149, "loss": 8.615864453531685e-05, "grad_norm": 0.005831040441989899, "seconds": 1.39}
{"epoch": 2, "step": 150, "loss": 0.7057562193122067, "grad_norm": 18.713594436645508, "seconds": 1.38}
{"epoch": 2, "step": 151, "loss": 0.0001963283521035919, "grad_norm": 0.015363043174147606, "seconds": 1.38}
{"epoch": 2, "step": 152, "loss": 3.546355674188817e-05, "grad_norm": 0.0008433762704953551, "seconds": 1.37}
{"epoch": 2, "step": 153, "loss": 0.03446269361893428, "grad_norm": 5.6806206703186035, "seconds": 1.38}
{"epoch": 2, "step": 154, "loss": 0.0024052671033132356, "grad_norm": 0.474979043006897, "seconds": 1.38}
{"epoch": 2, "step": 155, "loss": 0.041386424628399254, "grad_norm": 10.464338302612305, "seconds": 2.0}
{"epoch": 2, "step": 156, "loss": 0.003099692414252786, "grad_norm": 0.6346759796142578, "seconds": 1.48}
{"epoch": 2, "step": 157, "loss": 8.404264917771798e-05, "grad_norm": 0.005111135076731443, "seconds": 1.48}
{"epoch": 2, "step": 158, "loss": 0.0014954216494516004, "grad_norm": 0.734683096408844, "seconds": 1.48}
{"epoch": 2, "step": 159, "loss": 4.0514598367735744e-05, "grad_norm": 0.0009901764569804072, "seconds": 1.48}
{"epoch": 2, "step": 160, "loss": 5.9211992265773006e-05, "grad_norm": 0.002077984157949686, "seconds": 1.48}
{"epoch": 2, "step": 161, "loss": 3.0620773486589314e-05, "grad_norm": 0.0014008990256115794, "seconds": 1.49}
{"epoch": 2, "step": 162, "loss": 0.00011059824555559317, "grad_norm": 0.008166462182998657, "seconds": 1.47}
{"epoch": 2, "step": 163, "loss": 6.622719706683711e-05, "grad_norm": 0.005745039787143469, "seconds": 1.48}
{"epoch": 2, "step": 164, "loss": 0.00012127598984079668, "grad_norm": 0.011524179950356483, "seconds": 1.48}
{"epoch": 2, "step": 165, "loss": 0.0003862628564093029, "grad_norm": 0.02521497756242752, "seconds": 1.49}
{"epoch": 2, "step": 166, "loss": 0.00026377390076959273, "grad_norm": 0.015199192799627781, "seconds": 1.48}
{"epoch": 2, "step": 167, "loss": 0.0018358178467678954, "grad_norm": 0.2861420512199402, "seconds": 2.02}
{"epoch": 2, "step": 168, "loss": 4.082714985997882e-05, "grad_norm": 0.001974760089069605, "seconds": 1.47}
{"epoch": 2, "step": 169, "loss": 0.0007278244565895875, "grad_norm": 0.16298890113830566, "seconds": 1.48}
{"epoch": 2, "step": 170, "loss": 0.00014565162837243406, "grad_norm": 0.014390312135219574, "seconds": 1.48}
{"epoch": 2, "step": 171, "loss": 4.00525777877192e-05, "grad_norm": 0.002124285791069269, "seconds": 1.48}
{"epoch": 2, "step": 172, "loss": 4.038049428345403e-05, "grad_norm": 0.0010248381877318025, "seconds": 1.47}
{"epoch": 2, "step": 173, "loss": 0.00045727188444288913, "grad_norm": 0.07110931724309921, "seconds": 1.48}
{"epoch": 2, "step": 174, "loss": 0.000912068521756737, "grad_norm": 0.07276099175214767, "seconds": 1.48}
{"epoch": 2, "step": 175, "loss": 5.82267134632275e-05, "grad_norm": 0.0024996146094053984, "seconds": 1.48}
{"epoch": 2, "step": 176, "loss": 9.404523461853387e-05, "grad_norm": 0.005541219376027584, "seconds": 1.47}
{"epoch": 2, "step": 177, "loss": 0.17314959899522364, "grad_norm": 39.790401458740234, "seconds": 1.48}
{"epoch": 2, "step": 178, "loss": 3.1827855309529696e-05, "grad_norm": 0.0016143973916769028, "seconds": 1.48}
{"epoch": 2, "step": 179, "loss": 4.190022400507587e-05, "grad_norm": 0.0017301146872341633, "seconds": 1.48}
{"epoch": 2, "step": 180, "loss": 0.0009765114032234123, "grad_norm": 0.091584213078022, "seconds": 2.01}
{"epoch": 2, "step": 181, "loss": 4.276456547813723e-05, "grad_norm": 0.0019933986477553844, "seconds": 1.48}
{"epoch": 2, "step": 182, "loss": 0.0002631891338751302, "grad_norm": 0.026454249396920204, "seconds": 1.48}
{"epoch": 2, "step": 183, "loss": 0.7421459036158922, "grad_norm": 26.61284828186035, "seconds": 1.47}
{"epoch": 2, "step": 184, "loss": 0.00012488783158914885, "grad_norm": 0.006631517317146063, "seconds": 1.47}
{"epoch": 2, "step": 185, "loss": 0.00014642866335634608, "grad_norm": 0.01005827821791172, "seconds": 1.48}
{"epoch": 2, "step": 186, "loss": 0.00037818050896021305, "grad_norm": 0.03341143950819969, "seconds": 1.48}
{"epoch": 2, "step": 187, "loss": 9.88779802355566e-05, "grad_norm": 0.004775697831064463, "seconds": 1.48}
{"epoch": 2, "step": 188, "loss": 3.1783183203515364e-05, "grad_norm": 0.0008439294178970158, "seconds": 1.48}
{"epoch": 2, "step": 189, "loss": 2.7372598879082943e-05, "grad_norm": 0.0008436800562776625, "seconds": 1.48}
{"epoch": 2, "step": 190, "loss": 9.418455647391966e-05, "grad_norm": 0.030709080398082733, "seconds": 1.49}
{"epoch": 2, "step": 191, "loss": 0.008374071581783937, "grad_norm": 1.4666364192962646, "seconds": 2.02}
{"epoch": 2, "step": 192, "loss": 0.0015145268284868507, "grad_norm": 0.14157234132289886, "seconds": 1.48}
{"epoch": 2, "step": 193, "loss": 3.2170639769901754e-05, "grad_norm": 0.0007556200725957751, "seconds": 1.48}
{"epoch": 2, "step": 194, "loss": 5.4877691582078114e-05, "grad_norm": 0.0019930917769670486, "seconds": 1.48}
{"epoch": 2, "step": 195, "loss": 0.0005877461899217451, "grad_norm": 0.09000564366579056, "seconds": 1.47}
{"epoch": 2, "step": 196, "loss": 2.582303113740636e-05, "grad_norm": 0.0011139634298160672, "seconds": 1.48}
{"epoch": 2, "step": 197, "loss": 7.762598852423253e-05, "grad_norm": 0.005048234947025776, "seconds": 1.48}
{"epoch": 2, "step": 198, "loss": 0.0028340408030089748, "grad_norm": 0.6024136543273926, "seconds": 1.47}
{"epoch": 2, "step": 199, "loss": 3.756442492885981e-05, "grad_norm": 0.0009181232890114188, "seconds": 1.48}
{"epoch": 2, "step": 200, "loss": 3.702804360727896e-05, "grad_norm": 0.0015429806662723422, "seconds": 1.48}
{"epoch": 2, "step": 201, "loss": 0.00047585090032953303, "grad_norm": 0.06966172158718109, "seconds": 1.48}
{"epoch": 2, "step": 202, "loss": 6.628637538597104e-05, "grad_norm": 0.013307384215295315, "seconds": 1.48}
{"epoch": 2, "step": 203, "loss": 0.00010904378632403677, "grad_norm": 0.007720827590674162, "seconds": 1.47}
{"epoch": 2, "step": 204, "loss": 9.602748968973174e-05, "grad_norm": 0.004335638601332903, "seconds": 1.48}
{"epoch": 2, "step": 205, "loss": 0.0036029984685228555, "grad_norm": 1.155152678489685, "seconds": 2.02}
{"epoch": 2, "step": 206, "loss": 0.5215525526473357, "grad_norm": 53.54281997680664, "seconds": 1.48}
{"epoch": 2, "step": 207, "loss": 0.00016714169942133594, "grad_norm": 0.02338448166847229, "seconds": 1.48}
{"epoch": 2, "step": 208, "loss": 0.11292280729594495, "grad_norm": 14.986703872680664, "seconds": 1.48}
{"epoch": 2, "step": 209, "loss": 3.5508256132743554e-05, "grad_norm": 0.001633735024370253, "seconds": 1.48}
{"epoch": 2, "step": 210, "loss": 5.839263030793518e-05, "grad_norm": 0.003934292122721672, "seconds": 1.48}
{"epoch": 2, "step": 211, "loss": 3.150009706587298e-05, "grad_norm": 0.0014222187455743551, "seconds": 1.48}
{"epoch": 2, "step": 212, "loss": 0.0001529362161818426, "grad_norm": 0.01764160767197609, "seconds": 1.48}
{"epoch": 2, "step": 213, "loss": 0.00010384830966359004, "grad_norm": 0.012119297869503498, "seconds": 1.31}
{"epoch": 2, "step": 214, "loss": 0.00036460422234085854, "grad_norm": 0.04941532760858536, "seconds": 1.29}
{"epoch": 2, "step": 215, "loss": 0.06785541656336136, "grad_norm": 11.975452423095703, "seconds": 1.25}
{"epoch": 2, "step": 216, "loss": 0.015874292333592166, "grad_norm": 5.285398960113525, "seconds": 1.36}
{"epoch": 2, "step": 217, "loss": 0.24559205782043136, "grad_norm": 49.613563537597656, "seconds": 2.02}
{"epoch": 2, "step": 218, "loss": 0.9180901927420564, "grad_norm": 17.97854232788086, "seconds": 1.48}
{"epoch": 2, "step": 219, "loss": 0.0002109704246322508, "grad_norm": 0.027546189725399017, "seconds": 1.49}
{"epoch": 2, "step": 220, "loss": 9.309771940024802e-05, "grad_norm": 0.008481524884700775, "seconds": 1.48}
{"epoch": 2, "step": 221, "loss": 0.00022926664678379893, "grad_norm": 0.03804250806570053, "seconds": 1.48}
{"epoch": 2, "step": 222, "loss": 0.01747103134630379, "grad_norm": 5.768863201141357, "seconds": 1.47}
{"epoch": 2, "step": 223, "loss": 5.818495810672175e-05, "grad_norm": 0.002132668159902096, "seconds": 1.48}
{"epoch": 2, "step": 224, "loss": 3.570151784515474e-05, "grad_norm": 0.001575585687533021, "seconds": 1.47}
{"epoch": 2, "step": 225, "loss": 0.00014745089538337197, "grad_norm": 0.01516820304095745, "seconds": 1.47}
{"epoch": 2, "step": 226, "loss": 0.00042453640708117746, "grad_norm": 0.04623553156852722, "seconds": 1.48}
{"epoch": 2, "step": 227, "loss": 0.00040027262730291113, "grad_norm": 0.03321300074458122, "seconds": 1.48}
{"epoch": 2, "step": 228, "loss": 0.0002828664000844583, "grad_norm": 0.020300576463341713, "seconds": 1.49}
{"epoch": 2, "step": 229, "loss": 0.00014293527192421607, "grad_norm": 0.008664262481033802, "seconds": 1.48}
{"epoch": 2, "step": 230, "loss": 9.583171322447015e-05, "grad_norm": 0.004567237105220556, "seconds": 2.01}
{"epoch": 2, "step": 231, "loss": 0.0005852804429196112, "grad_norm": 0.09587356448173523, "seconds": 1.48}
{"epoch": 2, "step": 232, "loss": 0.018998066978383576, "grad_norm": 4.7807817459106445, "seconds": 1.47}
{"epoch": 2, "step": 233, "loss": 9.832466184889199e-05, "grad_norm": 0.02588682249188423, "seconds": 1.49}
{"epoch": 2, "step": 234, "loss": 0.00032062408627098193, "grad_norm": 0.02082819864153862, "seconds": 1.49}
{"epoch": 2, "step": 235, "loss": 0.00012065493456248078, "grad_norm": 0.009068160317838192, "seconds": 1.49}
{"epoch": 2, "step": 236, "loss": 0.008288455200727185, "grad_norm": 1.6743009090423584, "seconds": 1.48}
{"epoch": 2, "step": 237, "loss": 0.00040134356459020637, "grad_norm": 0.052747976034879684, "seconds": 1.48}
{"epoch": 2, "step": 238, "loss": 0.013602974922378053, "grad_norm": 2.9571824073791504, "seconds": 1.47}
{"epoch": 2, "step": 239, "loss": 4.3435072257125285e-05, "grad_norm": 0.0010796805145218968, "seconds": 1.49}
{"epoch": 2, "step": 240, "loss": 0.00011082392211392289, "grad_norm": 0.011084937490522861, "seconds": 1.48}
{"epoch": 2, "step": 241, "loss": 0.0004861042116317549, "grad_norm": 0.14979681372642517, "seconds": 2.02}
{"epoch": 2, "step": 242, "loss": 0.0015588960372951988, "grad_norm": 0.4620548188686371, "seconds": 1.48}
{"epoch": 2, "step": 243, "loss": 2.90862326437491e-05, "grad_norm": 0.0008098905091173947, "seconds": 1.48}
{"epoch": 2, "step": 244, "loss": 0.00027164309312865953, "grad_norm": 0.0317956916987896, "seconds": 1.48}
{"epoch": 2, "step": 245, "loss": 4.2838413719437085e-05, "grad_norm": 0.0016444537322968245, "seconds": 1.49}
{"epoch": 2, "step": 246, "loss": 0.0007087686985869368, "grad_norm": 0.23960958421230316, "seconds": 1.48}
{"epoch": 2, "step": 247, "loss": 4.337522523201187e-05, "grad_norm": 0.002099779900163412, "seconds": 1.48}
{"epoch": 2, "step": 248, "loss": 8.261711400336935e-05, "grad_norm": 0.006410910282284021, "seconds": 1.47}
{"epoch": 2, "step": 249, "loss": 5.618710611088318e-05, "grad_norm": 0.0031183739192783833, "seconds": 1.48}
{"epoch": 2, "step": 250, "loss": 5.5351217270072084e-05, "grad_norm": 0.004179209936410189, "seconds": 1.48}
{"epoch": 2, "step": 251, "loss": 7.176777307904558e-05, "grad_norm": 0.0054843490943312645, "seconds": 1.48}
{"epoch": 2, "step": 252, "loss": 0.7729376308652718, "grad_norm": 27.792570114135742, "seconds": 1.47}
{"epoch": 2, "step": 253, "loss": 2.7551503535505617e-05, "grad_norm": 0.0006942710024304688, "seconds": 1.48}
{"epoch": 2, "step": 254, "loss": 8.033582525968086e-05, "grad_norm": 0.01088413130491972, "seconds": 1.47}
{"epoch": 2, "step": 255, "loss": 6.000279608997516e-05, "grad_norm": 0.0034605583641678095, "seconds": 2.01}
{"epoch": 2, "step": 256, "loss": 0.0002855499039924325, "grad_norm": 0.07364924997091293, "seconds": 1.48}
{"epoch": 2, "step": 257, "loss": 6.094114633015124e-05, "grad_norm": 0.004380307625979185, "seconds": 1.44}
{"epoch": 2, "step": 258, "loss": 0.00023991217949514976, "grad_norm": 0.02077467180788517, "seconds": 1.35}
{"epoch": 2, "step": 259, "loss": 4.9081662382377544e-05, "grad_norm": 0.003936502616852522, "seconds": 1.48}
{"epoch": 2, "step": 260, "loss": 0.00026384491411590716, "grad_norm": 0.03637055680155754, "seconds": 1.48}
{"epoch": 2, "step": 261, "loss": 4.7740531954332255e-05, "grad_norm": 0.0022588802967220545, "seconds": 1.48}
{"epoch": 2, "step": 262, "loss": 0.001936838784331485, "grad_norm": 0.3702244162559509, "seconds": 1.48}
{"epoch": 2, "step": 263, "loss": 2.8996736773478915e-05, "grad_norm": 0.0011079893447458744, "seconds": 1.31}
{"epoch": 2, "step": 264, "loss": 4.650270329875639e-05, "grad_norm": 0.002589324489235878, "seconds": 1.25}
{"epoch": 2, "step": 265, "loss": 2.1144327547517605e-05, "grad_norm": 0.00066523312125355, "seconds": 1.27}
{"epoch": 2, "step": 266, "loss": 0.018698870953357982, "grad_norm": 5.464977264404297, "seconds": 1.29}
{"epoch": 2, "step": 267, "loss": 2.8475355975388084e-05, "grad_norm": 0.0008226505597122014, "seconds": 1.63}
{"epoch": 2, "step": 268, "loss": 0.0072277632839359285, "grad_norm": 3.6126534938812256, "seconds": 1.48}
{"epoch": 2, "step": 269, "loss": 2.549526152506587e-05, "grad_norm": 0.000663851504214108, "seconds": 1.47}
{"epoch": 2, "step": 270, "loss": 7.949060318424017e-05, "grad_norm": 0.003700917586684227, "seconds": 1.47}
{"epoch": 2, "step": 271, "loss": 0.00022482958115688234, "grad_norm": 0.03730908781290054, "seconds": 1.48}
{"epoch": 2, "step": 272, "loss": 3.449471887506661e-05, "grad_norm": 0.0015539206797257066, "seconds": 1.48}
{"epoch": 2, "step": 273, "loss": 3.0889029630998266e-05, "grad_norm": 0.0011849215952679515, "seconds": 1.48}
{"epoch": 2, "step": 274, "loss": 0.0022355368464559433, "grad_norm": 0.5198105573654175, "seconds": 1.49}
{"epoch": 2, "step": 275, "loss": 0.001357015840767417, "grad_norm": 0.32814374566078186, "seconds": 1.48}
{"epoch": 2, "step": 276, "loss": 4.5907747335149907e-05, "grad_norm": 0.0030391470063477755, "seconds": 1.48}
{"epoch": 2, "step": 277, "loss": 0.00019222231321691652, "grad_norm": 0.03665849566459656, "seconds": 1.48}
{"epoch": 2, "step": 278, "loss": 5.074838668406301e-05, "grad_norm": 0.005430884193629026, "seconds": 1.47}
{"epoch": 2, "step": 279, "loss": 0.00026738611313703586, "grad_norm": 0.0552830696105957, "seconds": 1.48}
{"epoch": 2, "step": 280, "loss": 5.988177008475759e-05, "grad_norm": 0.004438073839992285, "seconds": 2.02}
{"epoch": 2, "step": 281, "loss": 0.00022900442127138376, "grad_norm": 0.03872428089380264, "seconds": 1.48}
{"epoch": 2, "step": 282, "loss": 7.722633927187417e-05, "grad_norm": 0.004601767752319574, "seconds": 1.47}
{"epoch": 2, "step": 283, "loss": 0.5620558855648596, "grad_norm": 27.184593200683594, "seconds": 1.48}
{"epoch": 2, "step": 284, "loss": 3.295947681181133e-05, "grad_norm": 0.0017579918494448066, "seconds": 1.48}
{"epoch": 2, "step": 285, "loss": 0.00011375013627912267, "grad_norm": 0.009005323052406311, "seconds": 1.48}
{"epoch": 2, "step": 286, "loss": 8.675001026858808e-05, "grad_norm": 0.009825537912547588, "seconds": 1.48}
{"epoch": 2, "step": 287, "loss": 4.076728146173991e-05, "grad_norm": 0.0024366918951272964, "seconds": 1.48}
{"epoch": 2, "step": 288, "loss": 2.6493533368920907e-05, "grad_norm": 0.0006830507190898061, "seconds": 1.49}
{"epoch": 2, "validation": {"correct": 99, "total": 104, "format_errors": 0, "mean_nll": 0.3044706647883686}}
{"test": {"correct": 23, "total": 24, "format_errors": 0, "mean_nll": 0.23047215903375218}}
