Traceback (most recent call last):
  File "/home/chase/GitHub/rwkvrag/llamaindex-retrieval/.venv/lib/python3.13/site-packages/httpx/_transports/default.py", line 101, in map_httpcore_exceptions
    yield
  File "/home/chase/GitHub/rwkvrag/llamaindex-retrieval/.venv/lib/python3.13/site-packages/httpx/_transports/default.py", line 394, in handle_async_request
    resp = await self._pool.handle_async_request(req)
           ^^^^^^^^^^^^^^^^^^^^^^^^^^^^^^^^^^^^^^^^^^
  File "/home/chase/GitHub/rwkvrag/llamaindex-retrieval/.venv/lib/python3.13/site-packages/httpcore/_async/connection_pool.py", line 256, in handle_async_request
    raise exc from None
  File "/home/chase/GitHub/rwkvrag/llamaindex-retrieval/.venv/lib/python3.13/site-packages/httpcore/_async/connection_pool.py", line 236, in handle_async_request
    response = await connection.handle_async_request(
               ^^^^^^^^^^^^^^^^^^^^^^^^^^^^^^^^^^^^^^
        pool_request.request
        ^^^^^^^^^^^^^^^^^^^^
    )
    ^
  File "/home/chase/GitHub/rwkvrag/llamaindex-retrieval/.venv/lib/python3.13/site-packages/httpcore/_async/connection.py", line 101, in handle_async_request
    raise exc
  File "/home/chase/GitHub/rwkvrag/llamaindex-retrieval/.venv/lib/python3.13/site-packages/httpcore/_async/connection.py", line 78, in handle_async_request
    stream = await self._connect(request)
             ^^^^^^^^^^^^^^^^^^^^^^^^^^^^
  File "/home/chase/GitHub/rwkvrag/llamaindex-retrieval/.venv/lib/python3.13/site-packages/httpcore/_async/connection.py", line 124, in _connect
    stream = await self._network_backend.connect_tcp(**kwargs)
             ^^^^^^^^^^^^^^^^^^^^^^^^^^^^^^^^^^^^^^^^^^^^^^^^^
  File "/home/chase/GitHub/rwkvrag/llamaindex-retrieval/.venv/lib/python3.13/site-packages/httpcore/_backends/auto.py", line 31, in connect_tcp
    return await self._backend.connect_tcp(
           ^^^^^^^^^^^^^^^^^^^^^^^^^^^^^^^^
    ...<5 lines>...
    )
    ^
  File "/home/chase/GitHub/rwkvrag/llamaindex-retrieval/.venv/lib/python3.13/site-packages/httpcore/_backends/anyio.py", line 113, in connect_tcp
    with map_exceptions(exc_map):
         ~~~~~~~~~~~~~~^^^^^^^^^
  File "/home/chase/.local/share/uv/python/cpython-3.13.11-linux-x86_64-gnu/lib/python3.13/contextlib.py", line 162, in __exit__
    self.gen.throw(value)
    ~~~~~~~~~~~~~~^^^^^^^
  File "/home/chase/GitHub/rwkvrag/llamaindex-retrieval/.venv/lib/python3.13/site-packages/httpcore/_exceptions.py", line 14, in map_exceptions
    raise to_exc(exc) from exc
httpcore.ConnectError: All connection attempts failed

The above exception was the direct cause of the following exception:

Traceback (most recent call last):
  File "/home/chase/GitHub/rwkvrag/llamaindex-retrieval/eval/restored-retrieval-20260920/run.py", line 102, in <module>
    if __name__=='__main__':asyncio.run(main())
                            ~~~~~~~~~~~^^^^^^^^
  File "/home/chase/.local/share/uv/python/cpython-3.13.11-linux-x86_64-gnu/lib/python3.13/asyncio/runners.py", line 195, in run
    return runner.run(main)
           ~~~~~~~~~~^^^^^^
  File "/home/chase/.local/share/uv/python/cpython-3.13.11-linux-x86_64-gnu/lib/python3.13/asyncio/runners.py", line 118, in run
    return self._loop.run_until_complete(task)
           ~~~~~~~~~~~~~~~~~~~~~~~~~~~~~^^^^^^
  File "/home/chase/.local/share/uv/python/cpython-3.13.11-linux-x86_64-gnu/lib/python3.13/asyncio/base_events.py", line 725, in run_until_complete
    return future.result()
           ~~~~~~~~~~~~~^^
  File "/home/chase/GitHub/rwkvrag/llamaindex-retrieval/eval/restored-retrieval-20260920/run.py", line 59, in main
    before=await snapshot();save(args.output/'HEALTH-BEFORE.json',before)
           ^^^^^^^^^^^^^^^^
  File "/home/chase/GitHub/rwkvrag/llamaindex-retrieval/eval/restored-retrieval-20260920/run.py", line 57, in snapshot
    response=await client.get(url);response.raise_for_status();result[name]=response.json()
             ^^^^^^^^^^^^^^^^^^^^^
  File "/home/chase/GitHub/rwkvrag/llamaindex-retrieval/.venv/lib/python3.13/site-packages/httpx/_client.py", line 1768, in get
    return await self.request(
           ^^^^^^^^^^^^^^^^^^^
    ...<9 lines>...
    )
    ^
  File "/home/chase/GitHub/rwkvrag/llamaindex-retrieval/.venv/lib/python3.13/site-packages/httpx/_client.py", line 1540, in request
    return await self.send(request, auth=auth, follow_redirects=follow_redirects)
           ^^^^^^^^^^^^^^^^^^^^^^^^^^^^^^^^^^^^^^^^^^^^^^^^^^^^^^^^^^^^^^^^^^^^^^
  File "/home/chase/GitHub/rwkvrag/llamaindex-retrieval/.venv/lib/python3.13/site-packages/httpx/_client.py", line 1629, in send
    response = await self._send_handling_auth(
               ^^^^^^^^^^^^^^^^^^^^^^^^^^^^^^^
    ...<4 lines>...
    )
    ^
  File "/home/chase/GitHub/rwkvrag/llamaindex-retrieval/.venv/lib/python3.13/site-packages/httpx/_client.py", line 1657, in _send_handling_auth
    response = await self._send_handling_redirects(
               ^^^^^^^^^^^^^^^^^^^^^^^^^^^^^^^^^^^^
    ...<3 lines>...
    )
    ^
  File "/home/chase/GitHub/rwkvrag/llamaindex-retrieval/.venv/lib/python3.13/site-packages/httpx/_client.py", line 1694, in _send_handling_redirects
    response = await self._send_single_request(request)
               ^^^^^^^^^^^^^^^^^^^^^^^^^^^^^^^^^^^^^^^^
  File "/home/chase/GitHub/rwkvrag/llamaindex-retrieval/.venv/lib/python3.13/site-packages/httpx/_client.py", line 1730, in _send_single_request
    response = await transport.handle_async_request(request)
               ^^^^^^^^^^^^^^^^^^^^^^^^^^^^^^^^^^^^^^^^^^^^^
  File "/home/chase/GitHub/rwkvrag/llamaindex-retrieval/.venv/lib/python3.13/site-packages/httpx/_transports/default.py", line 393, in handle_async_request
    with map_httpcore_exceptions():
         ~~~~~~~~~~~~~~~~~~~~~~~^^
  File "/home/chase/.local/share/uv/python/cpython-3.13.11-linux-x86_64-gnu/lib/python3.13/contextlib.py", line 162, in __exit__
    self.gen.throw(value)
    ~~~~~~~~~~~~~~^^^^^^^
  File "/home/chase/GitHub/rwkvrag/llamaindex-retrieval/.venv/lib/python3.13/site-packages/httpx/_transports/default.py", line 118, in map_httpcore_exceptions
    raise mapped_exc(message) from exc
httpx.ConnectError: All connection attempts failed
